Archive member included to satisfy reference by file (symbol)

c:/ac6/systemworkbench/plugins/fr.ac6.mcu.externaltools.arm-none.win32_1.17.0.201812190825/tools/compiler/bin/../lib/gcc/arm-none-eabi/7.3.1/thumb/v6-m\libgcc.a(_udivsi3.o)
                              Drivers/CMSIS/system_stm32f0xx.o (__aeabi_uidiv)
c:/ac6/systemworkbench/plugins/fr.ac6.mcu.externaltools.arm-none.win32_1.17.0.201812190825/tools/compiler/bin/../lib/gcc/arm-none-eabi/7.3.1/thumb/v6-m\libgcc.a(_divsi3.o)
                              Application/User/main.o (__aeabi_idiv)
c:/ac6/systemworkbench/plugins/fr.ac6.mcu.externaltools.arm-none.win32_1.17.0.201812190825/tools/compiler/bin/../lib/gcc/arm-none-eabi/7.3.1/thumb/v6-m\libgcc.a(_dvmd_tls.o)
                              c:/ac6/systemworkbench/plugins/fr.ac6.mcu.externaltools.arm-none.win32_1.17.0.201812190825/tools/compiler/bin/../lib/gcc/arm-none-eabi/7.3.1/thumb/v6-m\libgcc.a(_udivsi3.o) (__aeabi_idiv0)
c:/ac6/systemworkbench/plugins/fr.ac6.mcu.externaltools.arm-none.win32_1.17.0.201812190825/tools/compiler/bin/../lib/gcc/arm-none-eabi/7.3.1/../../../../arm-none-eabi/lib/thumb/v6-m\libc_nano.a(lib_a-errno.o)
                              Application/SW4STM32/syscalls.o (__errno)
c:/ac6/systemworkbench/plugins/fr.ac6.mcu.externaltools.arm-none.win32_1.17.0.201812190825/tools/compiler/bin/../lib/gcc/arm-none-eabi/7.3.1/../../../../arm-none-eabi/lib/thumb/v6-m\libc_nano.a(lib_a-exit.o)
                              c:/ac6/systemworkbench/plugins/fr.ac6.mcu.externaltools.arm-none.win32_1.17.0.201812190825/tools/compiler/bin/../lib/gcc/arm-none-eabi/7.3.1/../../../../arm-none-eabi/lib/thumb/v6-m/crt0.o (exit)
c:/ac6/systemworkbench/plugins/fr.ac6.mcu.externaltools.arm-none.win32_1.17.0.201812190825/tools/compiler/bin/../lib/gcc/arm-none-eabi/7.3.1/../../../../arm-none-eabi/lib/thumb/v6-m\libc_nano.a(lib_a-impure.o)
                              c:/ac6/systemworkbench/plugins/fr.ac6.mcu.externaltools.arm-none.win32_1.17.0.201812190825/tools/compiler/bin/../lib/gcc/arm-none-eabi/7.3.1/../../../../arm-none-eabi/lib/thumb/v6-m\libc_nano.a(lib_a-exit.o) (_global_impure_ptr)
c:/ac6/systemworkbench/plugins/fr.ac6.mcu.externaltools.arm-none.win32_1.17.0.201812190825/tools/compiler/bin/../lib/gcc/arm-none-eabi/7.3.1/../../../../arm-none-eabi/lib/thumb/v6-m\libc_nano.a(lib_a-init.o)
                              c:/ac6/systemworkbench/plugins/fr.ac6.mcu.externaltools.arm-none.win32_1.17.0.201812190825/tools/compiler/bin/../lib/gcc/arm-none-eabi/7.3.1/../../../../arm-none-eabi/lib/thumb/v6-m/crt0.o (__libc_init_array)
c:/ac6/systemworkbench/plugins/fr.ac6.mcu.externaltools.arm-none.win32_1.17.0.201812190825/tools/compiler/bin/../lib/gcc/arm-none-eabi/7.3.1/../../../../arm-none-eabi/lib/thumb/v6-m\libc_nano.a(lib_a-memset.o)
                              c:/ac6/systemworkbench/plugins/fr.ac6.mcu.externaltools.arm-none.win32_1.17.0.201812190825/tools/compiler/bin/../lib/gcc/arm-none-eabi/7.3.1/../../../../arm-none-eabi/lib/thumb/v6-m/crt0.o (memset)
c:/ac6/systemworkbench/plugins/fr.ac6.mcu.externaltools.arm-none.win32_1.17.0.201812190825/tools/compiler/bin/../lib/gcc/arm-none-eabi/7.3.1/../../../../arm-none-eabi/lib/thumb/v6-m\libc_nano.a(lib_a-snprintf.o)
                              Application/User/main.o (snprintf)
c:/ac6/systemworkbench/plugins/fr.ac6.mcu.externaltools.arm-none.win32_1.17.0.201812190825/tools/compiler/bin/../lib/gcc/arm-none-eabi/7.3.1/../../../../arm-none-eabi/lib/thumb/v6-m\libc_nano.a(lib_a-strlen.o)
                              Application/User/main.o (strlen)
c:/ac6/systemworkbench/plugins/fr.ac6.mcu.externaltools.arm-none.win32_1.17.0.201812190825/tools/compiler/bin/../lib/gcc/arm-none-eabi/7.3.1/../../../../arm-none-eabi/lib/thumb/v6-m\libc_nano.a(lib_a-nano-svfprintf.o)
                              c:/ac6/systemworkbench/plugins/fr.ac6.mcu.externaltools.arm-none.win32_1.17.0.201812190825/tools/compiler/bin/../lib/gcc/arm-none-eabi/7.3.1/../../../../arm-none-eabi/lib/thumb/v6-m\libc_nano.a(lib_a-snprintf.o) (_svfprintf_r)
c:/ac6/systemworkbench/plugins/fr.ac6.mcu.externaltools.arm-none.win32_1.17.0.201812190825/tools/compiler/bin/../lib/gcc/arm-none-eabi/7.3.1/../../../../arm-none-eabi/lib/thumb/v6-m\libc_nano.a(lib_a-nano-vfprintf_i.o)
                              c:/ac6/systemworkbench/plugins/fr.ac6.mcu.externaltools.arm-none.win32_1.17.0.201812190825/tools/compiler/bin/../lib/gcc/arm-none-eabi/7.3.1/../../../../arm-none-eabi/lib/thumb/v6-m\libc_nano.a(lib_a-nano-svfprintf.o) (_printf_i)
c:/ac6/systemworkbench/plugins/fr.ac6.mcu.externaltools.arm-none.win32_1.17.0.201812190825/tools/compiler/bin/../lib/gcc/arm-none-eabi/7.3.1/../../../../arm-none-eabi/lib/thumb/v6-m\libc_nano.a(lib_a-memchr-stub.o)
                              c:/ac6/systemworkbench/plugins/fr.ac6.mcu.externaltools.arm-none.win32_1.17.0.201812190825/tools/compiler/bin/../lib/gcc/arm-none-eabi/7.3.1/../../../../arm-none-eabi/lib/thumb/v6-m\libc_nano.a(lib_a-nano-svfprintf.o) (memchr)
[...]
Memory Configuration

Name             Origin             Length             Attributes
RAM              0x20000000         0x00004000         xrw
FLASH            0x08000000         0x00020000         xr
*default*        0x00000000         0xffffffff

Linker script and memory map

LOAD c:/ac6/systemworkbench/plugins/fr.ac6.mcu.externaltools.arm-none.win32_1.17.0.201812190825/tools/compiler/bin/../lib/gcc/arm-none-eabi/7.3.1/thumb/v6-m/crti.o
LOAD c:/ac6/systemworkbench/plugins/fr.ac6.mcu.externaltools.arm-none.win32_1.17.0.201812190825/tools/compiler/bin/../lib/gcc/arm-none-eabi/7.3.1/thumb/v6-m/crtbegin.o
LOAD c:/ac6/systemworkbench/plugins/fr.ac6.mcu.externaltools.arm-none.win32_1.17.0.201812190825/tools/compiler/bin/../lib/gcc/arm-none-eabi/7.3.1/../../../../arm-none-eabi/lib/thumb/v6-m/crt0.o
LOAD Application/SW4STM32/startup_stm32f072xb.o
LOAD Application/SW4STM32/syscalls.o
LOAD Application/User/IQS_Series.o
LOAD Application/User/dac.o
LOAD Application/User/gpio.o
LOAD Application/User/i2c.o
LOAD Application/User/main.o
LOAD Application/User/stm32f0xx_hal_msp.o
LOAD Application/User/stm32f0xx_it.o
LOAD Application/User/tim.o
LOAD Application/User/usart.o
LOAD Drivers/CMSIS/system_stm32f0xx.o
LOAD Drivers/STM32F0xx_HAL_Driver/stm32f0xx_hal.o
LOAD Drivers/STM32F0xx_HAL_Driver/stm32f0xx_hal_cortex.o
LOAD Drivers/STM32F0xx_HAL_Driver/stm32f0xx_hal_dac.o
LOAD Drivers/STM32F0xx_HAL_Driver/stm32f0xx_hal_dac_ex.o
LOAD Drivers/STM32F0xx_HAL_Driver/stm32f0xx_hal_dma.o
LOAD Drivers/STM32F0xx_HAL_Driver/stm32f0xx_hal_flash.o
LOAD Drivers/STM32F0xx_HAL_Driver/stm32f0xx_hal_flash_ex.o
LOAD Drivers/STM32F0xx_HAL_Driver/stm32f0xx_hal_gpio.o
LOAD Drivers/STM32F0xx_HAL_Driver/stm32f0xx_hal_i2c.o
LOAD Drivers/STM32F0xx_HAL_Driver/stm32f0xx_hal_i2c_ex.o
LOAD Drivers/STM32F0xx_HAL_Driver/stm32f0xx_hal_pwr.o
LOAD Drivers/STM32F0xx_HAL_Driver/stm32f0xx_hal_pwr_ex.o
LOAD Drivers/STM32F0xx_HAL_Driver/stm32f0xx_hal_rcc.o
LOAD Drivers/STM32F0xx_HAL_Driver/stm32f0xx_hal_rcc_ex.o
LOAD Drivers/STM32F0xx_HAL_Driver/stm32f0xx_hal_tim.o
LOAD Drivers/STM32F0xx_HAL_Driver/stm32f0xx_hal_tim_ex.o
LOAD Drivers/STM32F0xx_HAL_Driver/stm32f0xx_hal_uart.o
LOAD Drivers/STM32F0xx_HAL_Driver/stm32f0xx_hal_uart_ex.o
LOAD c:/ac6/systemworkbench/plugins/fr.ac6.mcu.externaltools.arm-none.win32_1.17.0.201812190825/tools/compiler/bin/../lib/gcc/arm-none-eabi/7.3.1/../../../../arm-none-eabi/lib/thumb/v6-m\libm.a
START GROUP
LOAD c:/ac6/systemworkbench/plugins/fr.ac6.mcu.externaltools.arm-none.win32_1.17.0.201812190825/tools/compiler/bin/../lib/gcc/arm-none-eabi/7.3.1/thumb/v6-m\libgcc.a
LOAD c:/ac6/systemworkbench/plugins/fr.ac6.mcu.externaltools.arm-none.win32_1.17.0.201812190825/tools/compiler/bin/../lib/gcc/arm-none-eabi/7.3.1/../../../../arm-none-eabi/lib/thumb/v6-m\libc_nano.a
END GROUP
START GROUP
LOAD c:/ac6/systemworkbench/plugins/fr.ac6.mcu.externaltools.arm-none.win32_1.17.0.201812190825/tools/compiler/bin/../lib/gcc/arm-none-eabi/7.3.1/thumb/v6-m\libgcc.a
LOAD c:/ac6/systemworkbench/plugins/fr.ac6.mcu.externaltools.arm-none.win32_1.17.0.201812190825/tools/compiler/bin/../lib/gcc/arm-none-eabi/7.3.1/../../../../arm-none-eabi/lib/thumb/v6-m\libc_nano.a
LOAD c:/ac6/systemworkbench/plugins/fr.ac6.mcu.externaltools.arm-none.win32_1.17.0.201812190825/tools/compiler/bin/../lib/gcc/arm-none-eabi/7.3.1/../../../../arm-none-eabi/lib/thumb/v6-m\libnosys.a
END GROUP
START GROUP
LOAD c:/ac6/systemworkbench/plugins/fr.ac6.mcu.externaltools.arm-none.win32_1.17.0.201812190825/tools/compiler/bin/../lib/gcc/arm-none-eabi/7.3.1/thumb/v6-m\libgcc.a
LOAD c:/ac6/systemworkbench/plugins/fr.ac6.mcu.externaltools.arm-none.win32_1.17.0.201812190825/tools/compiler/bin/../lib/gcc/arm-none-eabi/7.3.1/../../../../arm-none-eabi/lib/thumb/v6-m\libc_nano.a
LOAD c:/ac6/systemworkbench/plugins/fr.ac6.mcu.externaltools.arm-none.win32_1.17.0.201812190825/tools/compiler/bin/../lib/gcc/arm-none-eabi/7.3.1/../../../../arm-none-eabi/lib/thumb/v6-m\libnosys.a
END GROUP
LOAD c:/ac6/systemworkbench/plugins/fr.ac6.mcu.externaltools.arm-none.win32_1.17.0.201812190825/tools/compiler/bin/../lib/gcc/arm-none-eabi/7.3.1/thumb/v6-m/crtend.o
LOAD c:/ac6/systemworkbench/plugins/fr.ac6.mcu.externaltools.arm-none.win32_1.17.0.201812190825/tools/compiler/bin/../lib/gcc/arm-none-eabi/7.3.1/thumb/v6-m/crtn.o
                0x20004000                _estack = 0x20004000
                0x00000200                _Min_Heap_Size = 0x200
                0x00000400                _Min_Stack_Size = 0x400

.isr_vector     0x08000000       0xc0
                0x08000000                . = ALIGN (0x4)
 *(.isr_vector)
 .isr_vector    0x08000000       0xc0 Application/SW4STM32/startup_stm32f072xb.o
                0x08000000                g_pfnVectors
                0x080000c0                . = ALIGN (0x4)

.text           0x080000c0     0x368c
                0x080000c0                . = ALIGN (0x4)
 *(.text)
 .text          0x080000c0       0x48 c:/ac6/systemworkbench/plugins/fr.ac6.mcu.externaltools.arm-none.win32_1.17.0.201812190825/tools/compiler/bin/../lib/gcc/arm-none-eabi/7.3.1/thumb/v6-m/crtbegin.o
 .text          0x08000108      0x114 c:/ac6/systemworkbench/plugins/fr.ac6.mcu.externaltools.arm-none.win32_1.17.0.201812190825/tools/compiler/bin/../lib/gcc/arm-none-eabi/7.3.1/thumb/v6-m\libgcc.a(_udivsi3.o)
                0x08000108                __aeabi_uidiv
                0x08000108                __udivsi3
                0x08000214                __aeabi_uidivmod
 .text          0x0800021c      0x1d4 c:/ac6/systemworkbench/plugins/fr.ac6.mcu.externaltools.arm-none.win32_1.17.0.201812190825/tools/compiler/bin/../lib/gcc/arm-none-eabi/7.3.1/thumb/v6-m\libgcc.a(_divsi3.o)
                0x0800021c                __divsi3
                0x0800021c                __aeabi_idiv
                0x080003e8                __aeabi_idivmod
 .text          0x080003f0        0x4 c:/ac6/systemworkbench/plugins/fr.ac6.mcu.externaltools.arm-none.win32_1.17.0.201812190825/tools/compiler/bin/../lib/gcc/arm-none-eabi/7.3.1/thumb/v6-m\libgcc.a(_dvmd_tls.o)
                0x080003f0                __aeabi_idiv0
                0x080003f0                __aeabi_ldiv0
 .text          0x080003f4        0xe c:/ac6/systemworkbench/plugins/fr.ac6.mcu.externaltools.arm-none.win32_1.17.0.201812190825/tools/compiler/bin/../lib/gcc/arm-none-eabi/7.3.1/../../../../arm-none-eabi/lib/thumb/v6-m\libc_nano.a(lib_a-strlen.o)
                0x080003f4                strlen
 *(.text*)
 *fill*         0x08000402        0x2 
 .text.Reset_Handler
                0x08000404       0x50 Application/SW4STM32/startup_stm32f072xb.o
                0x08000404                Reset_Handler
 .text.Default_Handler
                0x08000454        0x2 Application/SW4STM32/startup_stm32f072xb.o
                0x08000454                TIM1_CC_IRQHandler
                0x08000454                TSC_IRQHandler
                0x08000454                ADC1_COMP_IRQHandler
                0x08000454                I2C1_IRQHandler
                0x08000454                RCC_CRS_IRQHandler
                0x08000454                SPI1_IRQHandler
                0x08000454                TIM6_DAC_IRQHandler
                0x08000454                USART3_4_IRQHandler
                0x08000454                EXTI2_3_IRQHandler
                0x08000454                I2C2_IRQHandler
                0x08000454                TIM17_IRQHandler
                0x08000454                CEC_CAN_IRQHandler
                0x08000454                RTC_IRQHandler
                0x08000454                PVD_VDDIO2_IRQHandler
                0x08000454                DMA1_Channel4_5_6_7_IRQHandler
                0x08000454                TIM16_IRQHandler
                0x08000454                TIM3_IRQHandler
                0x08000454                EXTI4_15_IRQHandler
                0x08000454                DMA1_Channel1_IRQHandler
                0x08000454                Default_Handler
                0x08000454                TIM14_IRQHandler
                0x08000454                TIM7_IRQHandler
                0x08000454                TIM15_IRQHandler
                0x08000454                EXTI0_1_IRQHandler
                0x08000454                USB_IRQHandler
                0x08000454                SPI2_IRQHandler
                0x08000454                WWDG_IRQHandler
                0x08000454                TIM2_IRQHandler
                0x08000454                DMA1_Channel2_3_IRQHandler
                0x08000454                USART2_IRQHandler
                0x08000454                FLASH_IRQHandler
                0x08000454                USART1_IRQHandler
                0x08000454                TIM1_BRK_UP_TRG_COM_IRQHandler
 *fill*         0x08000456        0x2 
 .text._sbrk    0x08000458       0x3c Application/SW4STM32/syscalls.o
                0x08000458                _sbrk
 .text.IQS_resumeOperation
                0x08000494       0x44 Application/User/IQS_Series.o
                0x08000494                IQS_resumeOperation
 .text.IQS_AckReset
                0x080004d8       0x44 Application/User/IQS_Series.o
                0x080004d8                IQS_AckReset
 .text.IQS_CheckReset
                0x0800051c       0x3c Application/User/IQS_Series.o
                0x0800051c                IQS_CheckReset
 .text.IQS_ResoWriteXY
                0x08000558       0x2c Application/User/IQS_Series.o
                0x08000558                IQS_ResoWriteXY
 .text.IQS_ResoReadXY
                0x08000584       0x60 Application/User/IQS_Series.o
                0x08000584                IQS_ResoReadXY
 .text.IQS_ReadPosABS
                0x080005e4       0x50 Application/User/IQS_Series.o
                0x080005e4                IQS_ReadPosABS
 .text.IQS_ReadABSX
                0x08000634       0x44 Application/User/IQS_Series.o
                0x08000634                IQS_ReadABSX
 .text.IQS_ReadABSY
                0x08000678       0x44 Application/User/IQS_Series.o
                0x08000678                IQS_ReadABSY
 .text.IQS_SystemConfig
                0x080006bc       0x28 Application/User/IQS_Series.o
                0x080006bc                IQS_SystemConfig
 .text.IQS_Config_Rx
                0x080006e4       0x34 Application/User/IQS_Series.o
                0x080006e4                IQS_Config_Rx
 .text.IQS_Config_Tx
                0x08000718       0x3c Application/User/IQS_Series.o
                0x08000718                IQS_Config_Tx
 .text.IQS_SetupComplete
                0x08000754       0x2c Application/User/IQS_Series.o
                0x08000754                IQS_SetupComplete
 .text.MX_DAC_Init
                0x08000780       0x5c Application/User/dac.o
                0x08000780                MX_DAC_Init
 .text.HAL_DAC_MspInit
                0x080007dc       0x60 Application/User/dac.o
                0x080007dc                HAL_DAC_MspInit
 .text.MX_GPIO_Init
                0x0800083c      0x13c Application/User/gpio.o
                0x0800083c                MX_GPIO_Init
 .text.MX_I2C1_Init
                0x08000978       0x60 Application/User/i2c.o
                0x08000978                MX_I2C1_Init
 .text.HAL_I2C_MspInit
                0x080009d8       0x6c Application/User/i2c.o
                0x080009d8                HAL_I2C_MspInit
 .text.DAC_Map  0x08000a44       0x2c Application/User/main.o
                0x08000a44                DAC_Map
 .text.RDY_Delay
                0x08000a70       0x30 Application/User/main.o
                0x08000a70                RDY_Delay
 .text.SystemClock_Config
                0x08000aa0       0x5c Application/User/main.o
                0x08000aa0                SystemClock_Config
 .text.main     0x08000afc      0x3d8 Application/User/main.o
                0x08000afc                main
 .text.Error_Handler
                0x08000ed4        0x2 Application/User/main.o
                0x08000ed4                Error_Handler
 *fill*         0x08000ed6        0x2 
 .text.HAL_MspInit
                0x08000ed8       0x30 Application/User/stm32f0xx_hal_msp.o
                0x08000ed8                HAL_MspInit
 .text.NMI_Handler
                0x08000f08        0x2 Application/User/stm32f0xx_it.o
                0x08000f08                NMI_Handler
 .text.HardFault_Handler
                0x08000f0a        0x2 Application/User/stm32f0xx_it.o
                0x08000f0a                HardFault_Handler
 .text.SVC_Handler
                0x08000f0c        0x2 Application/User/stm32f0xx_it.o
                0x08000f0c                SVC_Handler
 .text.PendSV_Handler
                0x08000f0e        0x2 Application/User/stm32f0xx_it.o
                0x08000f0e                PendSV_Handler
 .text.SysTick_Handler
                0x08000f10        0x8 Application/User/stm32f0xx_it.o
                0x08000f10                SysTick_Handler
 .text.MX_TIM1_Init
                0x08000f18       0xb0 Application/User/tim.o
                0x08000f18                MX_TIM1_Init
 .text.HAL_TIM_Base_MspInit
                0x08000fc8       0x64 Application/User/tim.o
                0x08000fc8                HAL_TIM_Base_MspInit
 .text.MX_USART2_UART_Init
                0x0800102c       0x3c Application/User/usart.o
                0x0800102c                MX_USART2_UART_Init
 .text.HAL_UART_MspInit
                0x08001068       0x60 Application/User/usart.o
                0x08001068                HAL_UART_MspInit
 .text.SystemInit
                0x080010c8       0x60 Drivers/CMSIS/system_stm32f0xx.o
                0x080010c8                SystemInit
 .text.HAL_InitTick
                0x08001128       0x24 Drivers/STM32F0xx_HAL_Driver/stm32f0xx_hal.o
                0x08001128                HAL_InitTick
 .text.HAL_Init
                0x0800114c       0x20 Drivers/STM32F0xx_HAL_Driver/stm32f0xx_hal.o
                0x0800114c                HAL_Init
 .text.HAL_IncTick
                0x0800116c       0x10 Drivers/STM32F0xx_HAL_Driver/stm32f0xx_hal.o
                0x0800116c                HAL_IncTick
 .text.HAL_GetTick
                0x0800117c        0xc Drivers/STM32F0xx_HAL_Driver/stm32f0xx_hal.o
                0x0800117c                HAL_GetTick
 .text.HAL_Delay
                0x08001188       0x22 Drivers/STM32F0xx_HAL_Driver/stm32f0xx_hal.o
                0x08001188                HAL_Delay
 *fill*         0x080011aa        0x2 
 .text.HAL_NVIC_SetPriority
                0x080011ac       0x60 Drivers/STM32F0xx_HAL_Driver/stm32f0xx_hal_cortex.o
                0x080011ac                HAL_NVIC_SetPriority
 .text.HAL_SYSTICK_Config
                0x0800120c       0x38 Drivers/STM32F0xx_HAL_Driver/stm32f0xx_hal_cortex.o
                0x0800120c                HAL_SYSTICK_Config
 .text.HAL_DAC_Init
                0x08001244       0x28 Drivers/STM32F0xx_HAL_Driver/stm32f0xx_hal_dac.o
                0x08001244                HAL_DAC_Init
 .text.HAL_DAC_ConfigChannel
                0x0800126c       0x3c Drivers/STM32F0xx_HAL_Driver/stm32f0xx_hal_dac_ex.o
                0x0800126c                HAL_DAC_ConfigChannel
 .text.HAL_GPIO_Init
                0x080012a8      0x198 Drivers/STM32F0xx_HAL_Driver/stm32f0xx_hal_gpio.o
                0x080012a8                HAL_GPIO_Init
 .text.HAL_GPIO_ReadPin
                0x08001440        0xe Drivers/STM32F0xx_HAL_Driver/stm32f0xx_hal_gpio.o
                0x08001440                HAL_GPIO_ReadPin
 .text.HAL_GPIO_WritePin
                0x0800144e        0xc Drivers/STM32F0xx_HAL_Driver/stm32f0xx_hal_gpio.o
                0x0800144e                HAL_GPIO_WritePin
 .text.I2C_Flush_TXDR
                0x0800145a       0x1e Drivers/STM32F0xx_HAL_Driver/stm32f0xx_hal_i2c.o
 .text.I2C_TransferConfig
                0x08001478       0x28 Drivers/STM32F0xx_HAL_Driver/stm32f0xx_hal_i2c.o
 .text.I2C_IsAcknowledgeFailed
                0x080014a0       0x78 Drivers/STM32F0xx_HAL_Driver/stm32f0xx_hal_i2c.o
 .text.I2C_WaitOnTXISFlagUntilTimeout
                0x08001518       0x52 Drivers/STM32F0xx_HAL_Driver/stm32f0xx_hal_i2c.o
 .text.I2C_WaitOnFlagUntilTimeout
                0x0800156a       0x46 Drivers/STM32F0xx_HAL_Driver/stm32f0xx_hal_i2c.o
 .text.I2C_RequestMemoryWrite
                0x080015b0       0x86 Drivers/STM32F0xx_HAL_Driver/stm32f0xx_hal_i2c.o
 .text.I2C_RequestMemoryRead
                0x08001636       0x82 Drivers/STM32F0xx_HAL_Driver/stm32f0xx_hal_i2c.o
 .text.I2C_WaitOnSTOPFlagUntilTimeout
                0x080016b8       0x4e Drivers/STM32F0xx_HAL_Driver/stm32f0xx_hal_i2c.o
 *fill*         0x08001706        0x2 
 .text.HAL_I2C_Init
                0x08001708       0xcc Drivers/STM32F0xx_HAL_Driver/stm32f0xx_hal_i2c.o
                0x08001708                HAL_I2C_Init
 .text.HAL_I2C_Mem_Write
                0x080017d4      0x1c8 Drivers/STM32F0xx_HAL_Driver/stm32f0xx_hal_i2c.o
                0x080017d4                HAL_I2C_Mem_Write
 .text.HAL_I2C_Mem_Read
                0x0800199c      0x1c4 Drivers/STM32F0xx_HAL_Driver/stm32f0xx_hal_i2c.o
                0x0800199c                HAL_I2C_Mem_Read
 .text.HAL_I2CEx_ConfigAnalogFilter
                0x08001b60       0x58 Drivers/STM32F0xx_HAL_Driver/stm32f0xx_hal_i2c_ex.o
                0x08001b60                HAL_I2CEx_ConfigAnalogFilter
 .text.HAL_I2CEx_ConfigDigitalFilter
                0x08001bb8       0x54 Drivers/STM32F0xx_HAL_Driver/stm32f0xx_hal_i2c_ex.o
                0x08001bb8                HAL_I2CEx_ConfigDigitalFilter
 .text.HAL_RCC_OscConfig
                0x08001c0c      0x4fc Drivers/STM32F0xx_HAL_Driver/stm32f0xx_hal_rcc.o
                0x08001c0c                HAL_RCC_OscConfig
 .text.HAL_RCC_GetSysClockFreq
                0x08002108       0x94 Drivers/STM32F0xx_HAL_Driver/stm32f0xx_hal_rcc.o
                0x08002108                HAL_RCC_GetSysClockFreq
 .text.HAL_RCC_ClockConfig
                0x0800219c      0x184 Drivers/STM32F0xx_HAL_Driver/stm32f0xx_hal_rcc.o
                0x0800219c                HAL_RCC_ClockConfig
 .text.HAL_RCC_GetHCLKFreq
                0x08002320        0xc Drivers/STM32F0xx_HAL_Driver/stm32f0xx_hal_rcc.o
                0x08002320                HAL_RCC_GetHCLKFreq
 .text.HAL_RCC_GetPCLK1Freq
                0x0800232c       0x20 Drivers/STM32F0xx_HAL_Driver/stm32f0xx_hal_rcc.o
                0x0800232c                HAL_RCC_GetPCLK1Freq
 .text.HAL_RCCEx_PeriphCLKConfig
                0x0800234c      0x158 Drivers/STM32F0xx_HAL_Driver/stm32f0xx_hal_rcc_ex.o
                0x0800234c                HAL_RCCEx_PeriphCLKConfig
 .text.TIM_TI1_ConfigInputStage
                0x080024a4       0x22 Drivers/STM32F0xx_HAL_Driver/stm32f0xx_hal_tim.o
 *fill*         0x080024c6        0x2 
 .text.TIM_TI2_SetConfig
                0x080024c8       0x38 Drivers/STM32F0xx_HAL_Driver/stm32f0xx_hal_tim.o
 .text.TIM_TI2_ConfigInputStage
                0x08002500       0x28 Drivers/STM32F0xx_HAL_Driver/stm32f0xx_hal_tim.o
 .text.TIM_TI3_SetConfig
                0x08002528       0x3c Drivers/STM32F0xx_HAL_Driver/stm32f0xx_hal_tim.o
 .text.TIM_TI4_SetConfig
                0x08002564       0x44 Drivers/STM32F0xx_HAL_Driver/stm32f0xx_hal_tim.o
 .text.TIM_ITRx_SetConfig
                0x080025a8       0x10 Drivers/STM32F0xx_HAL_Driver/stm32f0xx_hal_tim.o
 .text.HAL_TIM_IC_MspInit
                0x080025b8        0x2 Drivers/STM32F0xx_HAL_Driver/stm32f0xx_hal_tim.o
                0x080025b8                HAL_TIM_IC_MspInit
 *fill*         0x080025ba        0x2 
 .text.TIM_Base_SetConfig
                0x080025bc       0xa4 Drivers/STM32F0xx_HAL_Driver/stm32f0xx_hal_tim.o
                0x080025bc                TIM_Base_SetConfig
 .text.HAL_TIM_Base_Init
                0x08002660       0x34 Drivers/STM32F0xx_HAL_Driver/stm32f0xx_hal_tim.o
                0x08002660                HAL_TIM_Base_Init
 .text.HAL_TIM_IC_Init
                0x08002694       0x34 Drivers/STM32F0xx_HAL_Driver/stm32f0xx_hal_tim.o
                0x08002694                HAL_TIM_IC_Init
 .text.TIM_TI1_SetConfig
                0x080026c8       0x60 Drivers/STM32F0xx_HAL_Driver/stm32f0xx_hal_tim.o
                0x080026c8                TIM_TI1_SetConfig
 .text.HAL_TIM_IC_ConfigChannel
                0x08002728       0xc8 Drivers/STM32F0xx_HAL_Driver/stm32f0xx_hal_tim.o
                0x08002728                HAL_TIM_IC_ConfigChannel
 .text.TIM_ETR_SetConfig
                0x080027f0       0x18 Drivers/STM32F0xx_HAL_Driver/stm32f0xx_hal_tim.o
                0x080027f0                TIM_ETR_SetConfig
 .text.HAL_TIM_ConfigClockSource
                0x08002808      0x118 Drivers/STM32F0xx_HAL_Driver/stm32f0xx_hal_tim.o
                0x08002808                HAL_TIM_ConfigClockSource
 .text.HAL_TIMEx_MasterConfigSynchronization
                0x08002920       0x4c Drivers/STM32F0xx_HAL_Driver/stm32f0xx_hal_tim_ex.o
                0x08002920                HAL_TIMEx_MasterConfigSynchronization
 .text.UART_SetConfig
                0x0800296c      0x20c Drivers/STM32F0xx_HAL_Driver/stm32f0xx_hal_uart.o
                0x0800296c                UART_SetConfig
 .text.UART_AdvFeatureConfig
                0x08002b78       0xe0 Drivers/STM32F0xx_HAL_Driver/stm32f0xx_hal_uart.o
                0x08002b78                UART_AdvFeatureConfig
 .text.UART_WaitOnFlagUntilTimeout
                0x08002c58       0x6c Drivers/STM32F0xx_HAL_Driver/stm32f0xx_hal_uart.o
                0x08002c58                UART_WaitOnFlagUntilTimeout
 .text.HAL_UART_Transmit
                0x08002cc4       0xe2 Drivers/STM32F0xx_HAL_Driver/stm32f0xx_hal_uart.o
                0x08002cc4                HAL_UART_Transmit
 *fill*         0x08002da6        0x2 
 .text.UART_CheckIdleState
                0x08002da8       0x84 Drivers/STM32F0xx_HAL_Driver/stm32f0xx_hal_uart.o
                0x08002da8                UART_CheckIdleState
 .text.HAL_UART_Init
                0x08002e2c       0x70 Drivers/STM32F0xx_HAL_Driver/stm32f0xx_hal_uart.o
                0x08002e2c                HAL_UART_Init
 .text.__errno  0x08002e9c        0xc c:/ac6/systemworkbench/plugins/fr.ac6.mcu.externaltools.arm-none.win32_1.17.0.201812190825/tools/compiler/bin/../lib/gcc/arm-none-eabi/7.3.1/../../../../arm-none-eabi/lib/thumb/v6-m\libc_nano.a(lib_a-errno.o)
                0x08002e9c                __errno
 .text.__libc_init_array
                0x08002ea8       0x48 c:/ac6/systemworkbench/plugins/fr.ac6.mcu.externaltools.arm-none.win32_1.17.0.201812190825/tools/compiler/bin/../lib/gcc/arm-none-eabi/7.3.1/../../../../arm-none-eabi/lib/thumb/v6-m\libc_nano.a(lib_a-init.o)
                0x08002ea8                __libc_init_array
 .text.memset   0x08002ef0       0x10 c:/ac6/systemworkbench/plugins/fr.ac6.mcu.externaltools.arm-none.win32_1.17.0.201812190825/tools/compiler/bin/../lib/gcc/arm-none-eabi/7.3.1/../../../../arm-none-eabi/lib/thumb/v6-m\libc_nano.a(lib_a-memset.o)
                0x08002ef0                memset
 .text.snprintf
                0x08002f00       0x64 c:/ac6/systemworkbench/plugins/fr.ac6.mcu.externaltools.arm-none.win32_1.17.0.201812190825/tools/compiler/bin/../lib/gcc/arm-none-eabi/7.3.1/../../../../arm-none-eabi/lib/thumb/v6-m\libc_nano.a(lib_a-snprintf.o)
                0x08002f00                sniprintf
                0x08002f00                snprintf
 .text.__ssputs_r
                0x08002f64       0xc4 c:/ac6/systemworkbench/plugins/fr.ac6.mcu.externaltools.arm-none.win32_1.17.0.201812190825/tools/compiler/bin/../lib/gcc/arm-none-eabi/7.3.1/../../../../arm-none-eabi/lib/thumb/v6-m\libc_nano.a(lib_a-nano-svfprintf.o)
                0x08002f64                __ssputs_r
 .text._svfprintf_r
                0x08003028      0x1fc c:/ac6/systemworkbench/plugins/fr.ac6.mcu.externaltools.arm-none.win32_1.17.0.201812190825/tools/compiler/bin/../lib/gcc/arm-none-eabi/7.3.1/../../../../arm-none-eabi/lib/thumb/v6-m\libc_nano.a(lib_a-nano-svfprintf.o)
                0x08003028                _svfiprintf_r
                0x08003028                _svfprintf_r
 .text._printf_common
                0x08003224       0xda c:/ac6/systemworkbench/plugins/fr.ac6.mcu.externaltools.arm-none.win32_1.17.0.201812190825/tools/compiler/bin/../lib/gcc/arm-none-eabi/7.3.1/../../../../arm-none-eabi/lib/thumb/v6-m\libc_nano.a(lib_a-nano-vfprintf_i.o)
                0x08003224                _printf_common
 *fill*         0x080032fe        0x2 
 .text._printf_i
                0x08003300      0x210 c:/ac6/systemworkbench/plugins/fr.ac6.mcu.externaltools.arm-none.win32_1.17.0.201812190825/tools/compiler/bin/../lib/gcc/arm-none-eabi/7.3.1/../../../../arm-none-eabi/lib/thumb/v6-m\libc_nano.a(lib_a-nano-vfprintf_i.o)
                0x08003300                _printf_i
 .text.memchr   0x08003510       0x16 c:/ac6/systemworkbench/plugins/fr.ac6.mcu.externaltools.arm-none.win32_1.17.0.201812190825/tools/compiler/bin/../lib/gcc/arm-none-eabi/7.3.1/../../../../arm-none-eabi/lib/thumb/v6-m\libc_nano.a(lib_a-memchr-stub.o)
                0x08003510                memchr
 .text.memcpy   0x08003526       0x12 c:/ac6/systemworkbench/plugins/fr.ac6.mcu.externaltools.arm-none.win32_1.17.0.201812190825/tools/compiler/bin/../lib/gcc/arm-none-eabi/7.3.1/../../../../arm-none-eabi/lib/thumb/v6-m\libc_nano.a(lib_a-memcpy-stub.o)
                0x08003526                memcpy
 .text.memmove  0x08003538       0x26 c:/ac6/systemworkbench/plugins/fr.ac6.mcu.externaltools.arm-none.win32_1.17.0.201812190825/tools/compiler/bin/../lib/gcc/arm-none-eabi/7.3.1/../../../../arm-none-eabi/lib/thumb/v6-m\libc_nano.a(lib_a-memmove.o)
                0x08003538                memmove
 *fill*         0x0800355e        0x2 
 .text._free_r  0x08003560       0x94 c:/ac6/systemworkbench/plugins/fr.ac6.mcu.externaltools.arm-none.win32_1.17.0.201812190825/tools/compiler/bin/../lib/gcc/arm-none-eabi/7.3.1/../../../../arm-none-eabi/lib/thumb/v6-m\libc_nano.a(lib_a-nano-freer.o)
                0x08003560                _free_r
 .text._malloc_r
                0x080035f4       0xbc c:/ac6/systemworkbench/plugins/fr.ac6.mcu.externaltools.arm-none.win32_1.17.0.201812190825/tools/compiler/bin/../lib/gcc/arm-none-eabi/7.3.1/../../../../arm-none-eabi/lib/thumb/v6-m\libc_nano.a(lib_a-nano-mallocr.o)
                0x080035f4                _malloc_r
 .text._realloc_r
                0x080036b0       0x4c c:/ac6/systemworkbench/plugins/fr.ac6.mcu.externaltools.arm-none.win32_1.17.0.201812190825/tools/compiler/bin/../lib/gcc/arm-none-eabi/7.3.1/../../../../arm-none-eabi/lib/thumb/v6-m\libc_nano.a(lib_a-nano-reallocr.o)
                0x080036b0                _realloc_r
 .text._sbrk_r  0x080036fc       0x24 c:/ac6/systemworkbench/plugins/fr.ac6.mcu.externaltools.arm-none.win32_1.17.0.201812190825/tools/compiler/bin/../lib/gcc/arm-none-eabi/7.3.1/../../../../arm-none-eabi/lib/thumb/v6-m\libc_nano.a(lib_a-sbrkr.o)
                0x080036fc                _sbrk_r
 .text.__malloc_lock
                0x08003720        0x2 c:/ac6/systemworkbench/plugins/fr.ac6.mcu.externaltools.arm-none.win32_1.17.0.201812190825/tools/compiler/bin/../lib/gcc/arm-none-eabi/7.3.1/../../../../arm-none-eabi/lib/thumb/v6-m\libc_nano.a(lib_a-mlock.o)
                0x08003720                __malloc_lock
 .text.__malloc_unlock
                0x08003722        0x2 c:/ac6/systemworkbench/plugins/fr.ac6.mcu.externaltools.arm-none.win32_1.17.0.201812190825/tools/compiler/bin/../lib/gcc/arm-none-eabi/7.3.1/../../../../arm-none-eabi/lib/thumb/v6-m\libc_nano.a(lib_a-mlock.o)
                0x08003722                __malloc_unlock
 .text._malloc_usable_size_r
                0x08003724       0x10 c:/ac6/systemworkbench/plugins/fr.ac6.mcu.externaltools.arm-none.win32_1.17.0.201812190825/tools/compiler/bin/../lib/gcc/arm-none-eabi/7.3.1/../../../../arm-none-eabi/lib/thumb/v6-m\libc_nano.a(lib_a-nano-msizer.o)
                0x08003724                _malloc_usable_size_r
 *(.glue_7)
 .glue_7        0x08003734        0x0 linker stubs
 *(.glue_7t)
 .glue_7t       0x08003734        0x0 linker stubs
 *(.eh_frame)
 .eh_frame      0x08003734        0x0 c:/ac6/systemworkbench/plugins/fr.ac6.mcu.externaltools.arm-none.win32_1.17.0.201812190825/tools/compiler/bin/../lib/gcc/arm-none-eabi/7.3.1/thumb/v6-m/crtbegin.o
 *(.init)
 .init          0x08003734        0x4 c:/ac6/systemworkbench/plugins/fr.ac6.mcu.externaltools.arm-none.win32_1.17.0.201812190825/tools/compiler/bin/../lib/gcc/arm-none-eabi/7.3.1/thumb/v6-m/crti.o
                0x08003734                _init
 .init          0x08003738        0x8 c:/ac6/systemworkbench/plugins/fr.ac6.mcu.externaltools.arm-none.win32_1.17.0.201812190825/tools/compiler/bin/../lib/gcc/arm-none-eabi/7.3.1/thumb/v6-m/crtn.o
 *(.fini)
 .fini          0x08003740        0x4 c:/ac6/systemworkbench/plugins/fr.ac6.mcu.externaltools.arm-none.win32_1.17.0.201812190825/tools/compiler/bin/../lib/gcc/arm-none-eabi/7.3.1/thumb/v6-m/crti.o
                0x08003740                _fini
 .fini          0x08003744        0x8 c:/ac6/systemworkbench/plugins/fr.ac6.mcu.externaltools.arm-none.win32_1.17.0.201812190825/tools/compiler/bin/../lib/gcc/arm-none-eabi/7.3.1/thumb/v6-m/crtn.o
                0x0800374c                . = ALIGN (0x4)
                0x0800374c                _etext = .

.vfp11_veneer   0x0800374c        0x0
 .vfp11_veneer  0x0800374c        0x0 linker stubs

.v4_bx          0x0800374c        0x0
 .v4_bx         0x0800374c        0x0 linker stubs

.iplt           0x0800374c        0x0
 .iplt          0x0800374c        0x0 c:/ac6/systemworkbench/plugins/fr.ac6.mcu.externaltools.arm-none.win32_1.17.0.201812190825/tools/compiler/bin/../lib/gcc/arm-none-eabi/7.3.1/thumb/v6-m/crtbegin.o

.rodata         0x0800374c      0x204
                0x0800374c                . = ALIGN (0x4)
 *(.rodata)
 .rodata        0x0800374c        0xf Application/User/IQS_Series.o
 *fill*         0x0800375b        0x1 
 .rodata        0x0800375c        0x8 Application/User/main.o
 .rodata        0x08003764       0x18 Drivers/CMSIS/system_stm32f0xx.o
                0x08003764                AHBPrescTable
                0x08003774                APBPrescTable
 .rodata        0x0800377c       0x20 Drivers/STM32F0xx_HAL_Driver/stm32f0xx_hal_rcc.o
 *(.rodata*)
 .rodata.str1.4
                0x0800379c       0x46 Application/User/IQS_Series.o
 *fill*         0x080037e2        0x2 
 .rodata.str1.4
                0x080037e4      0x138 Application/User/main.o
                                0x148 (size before relaxing)
 .rodata._svfprintf_r.str1.1
                0x0800391c       0x11 c:/ac6/systemworkbench/plugins/fr.ac6.mcu.externaltools.arm-none.win32_1.17.0.201812190825/tools/compiler/bin/../lib/gcc/arm-none-eabi/7.3.1/../../../../arm-none-eabi/lib/thumb/v6-m\libc_nano.a(lib_a-nano-svfprintf.o)
 .rodata._printf_i.str1.1
                0x0800392d       0x22 c:/ac6/systemworkbench/plugins/fr.ac6.mcu.externaltools.arm-none.win32_1.17.0.201812190825/tools/compiler/bin/../lib/gcc/arm-none-eabi/7.3.1/../../../../arm-none-eabi/lib/thumb/v6-m\libc_nano.a(lib_a-nano-vfprintf_i.o)
                0x08003950                . = ALIGN (0x4)
 *fill*         0x0800394f        0x1 

.rel.dyn        0x08003950        0x0
 .rel.iplt      0x08003950        0x0 c:/ac6/systemworkbench/plugins/fr.ac6.mcu.externaltools.arm-none.win32_1.17.0.201812190825/tools/compiler/bin/../lib/gcc/arm-none-eabi/7.3.1/thumb/v6-m/crtbegin.o

.ARM.extab
 *(.ARM.extab* .gnu.linkonce.armextab.*)

.ARM            0x08003950        0x0
                0x08003950                __exidx_start = .
 *(.ARM.exidx*)
                0x08003950                __exidx_end = .

.preinit_array  0x08003950        0x0
                0x08003950                PROVIDE (__preinit_array_start = .)
 *(.preinit_array*)
                0x08003950                PROVIDE (__preinit_array_end = .)

.init_array     0x08003950        0x4
                0x08003950                PROVIDE (__init_array_start = .)
 *(SORT_BY_NAME(.init_array.*))
 *(.init_array*)
 .init_array    0x08003950        0x4 c:/ac6/systemworkbench/plugins/fr.ac6.mcu.externaltools.arm-none.win32_1.17.0.201812190825/tools/compiler/bin/../lib/gcc/arm-none-eabi/7.3.1/thumb/v6-m/crtbegin.o
                0x08003954                PROVIDE (__init_array_end = .)

.fini_array     0x08003954        0x4
                [!provide]                PROVIDE (__fini_array_start = .)
 *(SORT_BY_NAME(.fini_array.*))
 *(.fini_array*)
 .fini_array    0x08003954        0x4 c:/ac6/systemworkbench/plugins/fr.ac6.mcu.externaltools.arm-none.win32_1.17.0.201812190825/tools/compiler/bin/../lib/gcc/arm-none-eabi/7.3.1/thumb/v6-m/crtbegin.o
                [!provide]                PROVIDE (__fini_array_end = .)
                0x08003958                _sidata = LOADADDR (.data)

.data           0x20000000       0x78 load address 0x08003958
                0x20000000                . = ALIGN (0x4)
                0x20000000                _sdata = .
 *(.data)
 .data          0x20000000        0xc Application/User/IQS_Series.o
                0x20000000                resumeOpErr
                0x20000004                noErr
                0x20000008                ackResetErr
 .data          0x2000000c        0x2 Application/User/main.o
                0x2000000c                yres
                0x2000000d                xres
 *fill*         0x2000000e        0x2 
 .data          0x20000010        0x4 Drivers/CMSIS/system_stm32f0xx.o
                0x20000010                SystemCoreClock
 *(.data*)
 .data._impure_ptr
                0x20000014        0x4 c:/ac6/systemworkbench/plugins/fr.ac6.mcu.externaltools.arm-none.win32_1.17.0.201812190825/tools/compiler/bin/../lib/gcc/arm-none-eabi/7.3.1/../../../../arm-none-eabi/lib/thumb/v6-m\libc_nano.a(lib_a-impure.o)
                0x20000014                _impure_ptr
 .data.impure_data
                0x20000018       0x60 c:/ac6/systemworkbench/plugins/fr.ac6.mcu.externaltools.arm-none.win32_1.17.0.201812190825/tools/compiler/bin/../lib/gcc/arm-none-eabi/7.3.1/../../../../arm-none-eabi/lib/thumb/v6-m\libc_nano.a(lib_a-impure.o)
                0x20000078                . = ALIGN (0x4)
                0x20000078                _edata = .

.igot.plt       0x20000078        0x0 load address 0x080039d0
 .igot.plt      0x20000078        0x0 c:/ac6/systemworkbench/plugins/fr.ac6.mcu.externaltools.arm-none.win32_1.17.0.201812190825/tools/compiler/bin/../lib/gcc/arm-none-eabi/7.3.1/thumb/v6-m/crtbegin.o
                0x20000078                . = ALIGN (0x4)

.bss            0x20000078      0x148 load address 0x080039d0
                0x20000078                _sbss = .
                0x20000078                __bss_start__ = _sbss
 *(.bss)
 .bss           0x20000078       0x1c c:/ac6/systemworkbench/plugins/fr.ac6.mcu.externaltools.arm-none.win32_1.17.0.201812190825/tools/compiler/bin/../lib/gcc/arm-none-eabi/7.3.1/thumb/v6-m/crtbegin.o
 .bss           0x20000094        0x8 Application/SW4STM32/syscalls.o
                0x20000098                __env
 .bss           0x2000009c        0x1 Application/User/main.o
                0x2000009c                retToCenter
 *(.bss*)
 *fill*         0x2000009d        0x3 
 .bss.__malloc_free_list
                0x200000a0        0x4 c:/ac6/systemworkbench/plugins/fr.ac6.mcu.externaltools.arm-none.win32_1.17.0.201812190825/tools/compiler/bin/../lib/gcc/arm-none-eabi/7.3.1/../../../../arm-none-eabi/lib/thumb/v6-m\libc_nano.a(lib_a-nano-mallocr.o)
                0x200000a0                __malloc_free_list
 .bss.__malloc_sbrk_start
                0x200000a4        0x4 c:/ac6/systemworkbench/plugins/fr.ac6.mcu.externaltools.arm-none.win32_1.17.0.201812190825/tools/compiler/bin/../lib/gcc/arm-none-eabi/7.3.1/../../../../arm-none-eabi/lib/thumb/v6-m\libc_nano.a(lib_a-nano-mallocr.o)
                0x200000a4                __malloc_sbrk_start
 *(COMMON)
 COMMON         0x200000a8       0x14 Application/User/dac.o
                0x200000a8                hdac
 COMMON         0x200000bc       0x4c Application/User/i2c.o
                0x200000bc                hi2c1
 COMMON         0x20000108       0x40 Application/User/tim.o
                0x20000108                htim1
 COMMON         0x20000148       0x70 Application/User/usart.o
                0x20000148                huart2
 COMMON         0x200001b8        0x4 Drivers/STM32F0xx_HAL_Driver/stm32f0xx_hal.o
                0x200001b8                uwTick
 COMMON         0x200001bc        0x4 c:/ac6/systemworkbench/plugins/fr.ac6.mcu.externaltools.arm-none.win32_1.17.0.201812190825/tools/compiler/bin/../lib/gcc/arm-none-eabi/7.3.1/../../../../arm-none-eabi/lib/thumb/v6-m\libc_nano.a(lib_a-reent.o)
                0x200001bc                errno
                0x200001c0                . = ALIGN (0x4)
                0x200001c0                _ebss = .
                0x200001c0                __bss_end__ = _ebss

._user_heap_stack
                0x200001c0      0x600 load address 0x080039d0
                0x200001c0                . = ALIGN (0x8)
                0x200001c0                PROVIDE (end = .)
                [!provide]                PROVIDE (_end = .)
                0x200003c0                . = (. + _Min_Heap_Size)
 *fill*         0x200001c0      0x200 
                0x200007c0                . = (. + _Min_Stack_Size)
 *fill*         0x200003c0      0x400 
                0x200007c0                . = ALIGN (0x8)

/DISCARD/
 libc.a(*)
 libm.a(*)
 libgcc.a(*)

.ARM.attributes
                0x00000000       0x28
 *(.ARM.attributes)
 .ARM.attributes
                0x00000000       0x1e c:/ac6/systemworkbench/plugins/fr.ac6.mcu.externaltools.arm-none.win32_1.17.0.201812190825/tools/compiler/bin/../lib/gcc/arm-none-eabi/7.3.1/thumb/v6-m/crti.o
 .ARM.attributes
                0x0000001e       0x2c c:/ac6/systemworkbench/plugins/fr.ac6.mcu.externaltools.arm-none.win32_1.17.0.201812190825/tools/compiler/bin/../lib/gcc/arm-none-eabi/7.3.1/thumb/v6-m/crtbegin.o
 .ARM.attributes
                0x0000004a       0x21 Application/SW4STM32/startup_stm32f072xb.o
 .ARM.attributes
                0x0000006b       0x31 Application/SW4STM32/syscalls.o
 .ARM.attributes
                0x0000009c       0x31 Application/User/IQS_Series.o
 .ARM.attributes
                0x000000cd       0x31 Application/User/dac.o
 .ARM.attributes
                0x000000fe       0x31 Application/User/gpio.o
 .ARM.attributes
                0x0000012f       0x31 Application/User/i2c.o
 .ARM.attributes
                0x00000160       0x31 Application/User/main.o
 .ARM.attributes
                0x00000191       0x31 Application/User/stm32f0xx_hal_msp.o
 .ARM.attributes
                0x000001c2       0x31 Application/User/stm32f0xx_it.o
 .ARM.attributes
                0x000001f3       0x31 Application/User/tim.o
 .ARM.attributes
                0x00000224       0x31 Application/User/usart.o
 .ARM.attributes
                0x00000255       0x31 Drivers/CMSIS/system_stm32f0xx.o
 .ARM.attributes
                0x00000286       0x31 Drivers/STM32F0xx_HAL_Driver/stm32f0xx_hal.o
 .ARM.attributes
                0x000002b7       0x31 Drivers/STM32F0xx_HAL_Driver/stm32f0xx_hal_cortex.o
 .ARM.attributes
                0x000002e8       0x31 Drivers/STM32F0xx_HAL_Driver/stm32f0xx_hal_dac.o
 .ARM.attributes
                0x00000319       0x31 Drivers/STM32F0xx_HAL_Driver/stm32f0xx_hal_dac_ex.o
 .ARM.attributes
                0x0000034a       0x31 Drivers/STM32F0xx_HAL_Driver/stm32f0xx_hal_gpio.o
 .ARM.attributes
                0x0000037b       0x31 Drivers/STM32F0xx_HAL_Driver/stm32f0xx_hal_i2c.o
 .ARM.attributes
                0x000003ac       0x31 Drivers/STM32F0xx_HAL_Driver/stm32f0xx_hal_i2c_ex.o
 .ARM.attributes
                0x000003dd       0x31 Drivers/STM32F0xx_HAL_Driver/stm32f0xx_hal_rcc.o
 .ARM.attributes
                0x0000040e       0x31 Drivers/STM32F0xx_HAL_Driver/stm32f0xx_hal_rcc_ex.o
 .ARM.attributes
                0x0000043f       0x31 Drivers/STM32F0xx_HAL_Driver/stm32f0xx_hal_tim.o
 .ARM.attributes
                0x00000470       0x31 Drivers/STM32F0xx_HAL_Driver/stm32f0xx_hal_tim_ex.o
 .ARM.attributes
                0x000004a1       0x31 Drivers/STM32F0xx_HAL_Driver/stm32f0xx_hal_uart.o
 .ARM.attributes
                0x000004d2       0x1e c:/ac6/systemworkbench/plugins/fr.ac6.mcu.externaltools.arm-none.win32_1.17.0.201812190825/tools/compiler/bin/../lib/gcc/arm-none-eabi/7.3.1/thumb/v6-m\libgcc.a(_udivsi3.o)
 .ARM.attributes
                0x000004f0       0x1e c:/ac6/systemworkbench/plugins/fr.ac6.mcu.externaltools.arm-none.win32_1.17.0.201812190825/tools/compiler/bin/../lib/gcc/arm-none-eabi/7.3.1/thumb/v6-m\libgcc.a(_divsi3.o)
 .ARM.attributes
                0x0000050e       0x1e c:/ac6/systemworkbench/plugins/fr.ac6.mcu.externaltools.arm-none.win32_1.17.0.201812190825/tools/compiler/bin/../lib/gcc/arm-none-eabi/7.3.1/thumb/v6-m\libgcc.a(_dvmd_tls.o)
 .ARM.attributes
                0x0000052c       0x2c c:/ac6/systemworkbench/plugins/fr.ac6.mcu.externaltools.arm-none.win32_1.17.0.201812190825/tools/compiler/bin/../lib/gcc/arm-none-eabi/7.3.1/../../../../arm-none-eabi/lib/thumb/v6-m\libc_nano.a(lib_a-errno.o)
 .ARM.attributes
                0x00000558       0x2c c:/ac6/systemworkbench/plugins/fr.ac6.mcu.externaltools.arm-none.win32_1.17.0.201812190825/tools/compiler/bin/../lib/gcc/arm-none-eabi/7.3.1/../../../../arm-none-eabi/lib/thumb/v6-m\libc_nano.a(lib_a-impure.o)
 .ARM.attributes
                0x00000584       0x2c c:/ac6/systemworkbench/plugins/fr.ac6.mcu.externaltools.arm-none.win32_1.17.0.201812190825/tools/compiler/bin/../lib/gcc/arm-none-eabi/7.3.1/../../../../arm-none-eabi/lib/thumb/v6-m\libc_nano.a(lib_a-init.o)
 .ARM.attributes
                0x000005b0       0x2c c:/ac6/systemworkbench/plugins/fr.ac6.mcu.externaltools.arm-none.win32_1.17.0.201812190825/tools/compiler/bin/../lib/gcc/arm-none-eabi/7.3.1/../../../../arm-none-eabi/lib/thumb/v6-m\libc_nano.a(lib_a-memset.o)
 .ARM.attributes
                0x000005dc       0x2c c:/ac6/systemworkbench/plugins/fr.ac6.mcu.externaltools.arm-none.win32_1.17.0.201812190825/tools/compiler/bin/../lib/gcc/arm-none-eabi/7.3.1/../../../../arm-none-eabi/lib/thumb/v6-m\libc_nano.a(lib_a-snprintf.o)
 .ARM.attributes
                0x00000608       0x1c c:/ac6/systemworkbench/plugins/fr.ac6.mcu.externaltools.arm-none.win32_1.17.0.201812190825/tools/compiler/bin/../lib/gcc/arm-none-eabi/7.3.1/../../../../arm-none-eabi/lib/thumb/v6-m\libc_nano.a(lib_a-strlen.o)
 .ARM.attributes
                0x00000624       0x2c c:/ac6/systemworkbench/plugins/fr.ac6.mcu.externaltools.arm-none.win32_1.17.0.201812190825/tools/compiler/bin/../lib/gcc/arm-none-eabi/7.3.1/../../../../arm-none-eabi/lib/thumb/v6-m\libc_nano.a(lib_a-nano-svfprintf.o)
 .ARM.attributes
                0x00000650       0x2c c:/ac6/systemworkbench/plugins/fr.ac6.mcu.externaltools.arm-none.win32_1.17.0.201812190825/tools/compiler/bin/../lib/gcc/arm-none-eabi/7.3.1/../../../../arm-none-eabi/lib/thumb/v6-m\libc_nano.a(lib_a-nano-vfprintf_i.o)
 .ARM.attributes
                0x0000067c       0x2c c:/ac6/systemworkbench/plugins/fr.ac6.mcu.externaltools.arm-none.win32_1.17.0.201812190825/tools/compiler/bin/../lib/gcc/arm-none-eabi/7.3.1/../../../../arm-none-eabi/lib/thumb/v6-m\libc_nano.a(lib_a-memchr-stub.o)
 .ARM.attributes
                0x000006a8       0x2c c:/ac6/systemworkbench/plugins/fr.ac6.mcu.externaltools.arm-none.win32_1.17.0.201812190825/tools/compiler/bin/../lib/gcc/arm-none-eabi/7.3.1/../../../../arm-none-eabi/lib/thumb/v6-m\libc_nano.a(lib_a-memcpy-stub.o)
 .ARM.attributes
                0x000006d4       0x2c c:/ac6/systemworkbench/plugins/fr.ac6.mcu.externaltools.arm-none.win32_1.17.0.201812190825/tools/compiler/bin/../lib/gcc/arm-none-eabi/7.3.1/../../../../arm-none-eabi/lib/thumb/v6-m\libc_nano.a(lib_a-memmove.o)
 .ARM.attributes
                0x00000700       0x2c c:/ac6/systemworkbench/plugins/fr.ac6.mcu.externaltools.arm-none.win32_1.17.0.201812190825/tools/compiler/bin/../lib/gcc/arm-none-eabi/7.3.1/../../../../arm-none-eabi/lib/thumb/v6-m\libc_nano.a(lib_a-nano-freer.o)
 .ARM.attributes
                0x0000072c       0x2c c:/ac6/systemworkbench/plugins/fr.ac6.mcu.externaltools.arm-none.win32_1.17.0.201812190825/tools/compiler/bin/../lib/gcc/arm-none-eabi/7.3.1/../../../../arm-none-eabi/lib/thumb/v6-m\libc_nano.a(lib_a-nano-mallocr.o)
 .ARM.attributes
                0x00000758       0x2c c:/ac6/systemworkbench/plugins/fr.ac6.mcu.externaltools.arm-none.win32_1.17.0.201812190825/tools/compiler/bin/../lib/gcc/arm-none-eabi/7.3.1/../../../../arm-none-eabi/lib/thumb/v6-m\libc_nano.a(lib_a-nano-reallocr.o)
 .ARM.attributes
                0x00000784       0x2c c:/ac6/systemworkbench/plugins/fr.ac6.mcu.externaltools.arm-none.win32_1.17.0.201812190825/tools/compiler/bin/../lib/gcc/arm-none-eabi/7.3.1/../../../../arm-none-eabi/lib/thumb/v6-m\libc_nano.a(lib_a-sbrkr.o)
 .ARM.attributes
                0x000007b0       0x2c c:/ac6/systemworkbench/plugins/fr.ac6.mcu.externaltools.arm-none.win32_1.17.0.201812190825/tools/compiler/bin/../lib/gcc/arm-none-eabi/7.3.1/../../../../arm-none-eabi/lib/thumb/v6-m\libc_nano.a(lib_a-mlock.o)
 .ARM.attributes
                0x000007dc       0x2c c:/ac6/systemworkbench/plugins/fr.ac6.mcu.externaltools.arm-none.win32_1.17.0.201812190825/tools/compiler/bin/../lib/gcc/arm-none-eabi/7.3.1/../../../../arm-none-eabi/lib/thumb/v6-m\libc_nano.a(lib_a-nano-msizer.o)
 .ARM.attributes
                0x00000808       0x2c c:/ac6/systemworkbench/plugins/fr.ac6.mcu.externaltools.arm-none.win32_1.17.0.201812190825/tools/compiler/bin/../lib/gcc/arm-none-eabi/7.3.1/../../../../arm-none-eabi/lib/thumb/v6-m\libc_nano.a(lib_a-reent.o)
 .ARM.attributes
                0x00000834       0x1e c:/ac6/systemworkbench/plugins/fr.ac6.mcu.externaltools.arm-none.win32_1.17.0.201812190825/tools/compiler/bin/../lib/gcc/arm-none-eabi/7.3.1/thumb/v6-m/crtn.o
OUTPUT(STMDuino.elf elf32-littlearm)

.debug_info     0x00000000    0x1e99f
 .debug_info    0x00000000      0xfd3 Application/SW4STM32/syscalls.o
 .debug_info    0x00000fd3     0x1614 Application/User/IQS_Series.o
 .debug_info    0x000025e7     0x10bc Application/User/dac.o
 .debug_info    0x000036a3      0xd1f Application/User/gpio.o
 .debug_info    0x000043c2     0x11bb Application/User/i2c.o
 .debug_info    0x0000557d     0x234d Application/User/main.o
 .debug_info    0x000078ca      0xa2b Application/User/stm32f0xx_hal_msp.o
 .debug_info    0x000082f5      0x984 Application/User/stm32f0xx_it.o
 .debug_info    0x00008c79     0x130c Application/User/tim.o
 .debug_info    0x00009f85     0x118b Application/User/usart.o
 .debug_info    0x0000b110      0xa74 Drivers/CMSIS/system_stm32f0xx.o
 .debug_info    0x0000bb84      0xe97 Drivers/STM32F0xx_HAL_Driver/stm32f0xx_hal.o
 .debug_info    0x0000ca1b      0xffb Drivers/STM32F0xx_HAL_Driver/stm32f0xx_hal_cortex.o
 .debug_info    0x0000da16     0x10f5 Drivers/STM32F0xx_HAL_Driver/stm32f0xx_hal_dac.o
 .debug_info    0x0000eb0b     0x125e Drivers/STM32F0xx_HAL_Driver/stm32f0xx_hal_dac_ex.o
 .debug_info    0x0000fd69      0xe6b Drivers/STM32F0xx_HAL_Driver/stm32f0xx_hal_gpio.o
 .debug_info    0x00010bd4     0x39c0 Drivers/STM32F0xx_HAL_Driver/stm32f0xx_hal_i2c.o
 .debug_info    0x00014594     0x109b Drivers/STM32F0xx_HAL_Driver/stm32f0xx_hal_i2c_ex.o
 .debug_info    0x0001562f     0x1186 Drivers/STM32F0xx_HAL_Driver/stm32f0xx_hal_rcc.o
 .debug_info    0x000167b5      0xf00 Drivers/STM32F0xx_HAL_Driver/stm32f0xx_hal_rcc_ex.o
 .debug_info    0x000176b5     0x36f7 Drivers/STM32F0xx_HAL_Driver/stm32f0xx_hal_tim.o
 .debug_info    0x0001adac     0x1b5f Drivers/STM32F0xx_HAL_Driver/stm32f0xx_hal_tim_ex.o
 .debug_info    0x0001c90b     0x2094 Drivers/STM32F0xx_HAL_Driver/stm32f0xx_hal_uart.o

.debug_abbrev   0x00000000     0x3c54
 .debug_abbrev  0x00000000      0x2d4 Application/SW4STM32/syscalls.o
 .debug_abbrev  0x000002d4      0x2b2 Application/User/IQS_Series.o
 .debug_abbrev  0x00000586      0x276 Application/User/dac.o
 .debug_abbrev  0x000007fc      0x23e Application/User/gpio.o
 .debug_abbrev  0x00000a3a      0x276 Application/User/i2c.o
 .debug_abbrev  0x00000cb0      0x34b Application/User/main.o
 .debug_abbrev  0x00000ffb      0x1e3 Application/User/stm32f0xx_hal_msp.o
 .debug_abbrev  0x000011de      0x1e0 Application/User/stm32f0xx_it.o
 .debug_abbrev  0x000013be      0x287 Application/User/tim.o
 .debug_abbrev  0x00001645      0x276 Application/User/usart.o
 .debug_abbrev  0x000018bb      0x205 Drivers/CMSIS/system_stm32f0xx.o
 .debug_abbrev  0x00001ac0      0x2f6 Drivers/STM32F0xx_HAL_Driver/stm32f0xx_hal.o
 .debug_abbrev  0x00001db6      0x328 Drivers/STM32F0xx_HAL_Driver/stm32f0xx_hal_cortex.o
 .debug_abbrev  0x000020de      0x267 Drivers/STM32F0xx_HAL_Driver/stm32f0xx_hal_dac.o
 .debug_abbrev  0x00002345      0x2d5 Drivers/STM32F0xx_HAL_Driver/stm32f0xx_hal_dac_ex.o
 .debug_abbrev  0x0000261a      0x2a7 Drivers/STM32F0xx_HAL_Driver/stm32f0xx_hal_gpio.o
 .debug_abbrev  0x000028c1      0x2df Drivers/STM32F0xx_HAL_Driver/stm32f0xx_hal_i2c.o
 .debug_abbrev  0x00002ba0      0x266 Drivers/STM32F0xx_HAL_Driver/stm32f0xx_hal_i2c_ex.o
 .debug_abbrev  0x00002e06      0x2ea Drivers/STM32F0xx_HAL_Driver/stm32f0xx_hal_rcc.o
 .debug_abbrev  0x000030f0      0x2d9 Drivers/STM32F0xx_HAL_Driver/stm32f0xx_hal_rcc_ex.o
 .debug_abbrev  0x000033c9      0x2e0 Drivers/STM32F0xx_HAL_Driver/stm32f0xx_hal_tim.o
 .debug_abbrev  0x000036a9      0x2e0 Drivers/STM32F0xx_HAL_Driver/stm32f0xx_hal_tim_ex.o
 .debug_abbrev  0x00003989      0x2cb Drivers/STM32F0xx_HAL_Driver/stm32f0xx_hal_uart.o

.debug_loc      0x00000000     0xc811
 .debug_loc     0x00000000      0x3c5 Application/SW4STM32/syscalls.o
 .debug_loc     0x000003c5      0x456 Application/User/IQS_Series.o
 .debug_loc     0x0000081b       0x71 Application/User/dac.o
 .debug_loc     0x0000088c       0x7f Application/User/i2c.o
 .debug_loc     0x0000090b      0x154 Application/User/main.o
 .debug_loc     0x00000a5f       0x71 Application/User/tim.o
 .debug_loc     0x00000ad0       0x71 Application/User/usart.o
 .debug_loc     0x00000b41      0x12b Drivers/CMSIS/system_stm32f0xx.o
 .debug_loc     0x00000c6c       0x7c Drivers/STM32F0xx_HAL_Driver/stm32f0xx_hal.o
 .debug_loc     0x00000ce8      0x393 Drivers/STM32F0xx_HAL_Driver/stm32f0xx_hal_cortex.o
 .debug_loc     0x0000107b      0x2bd Drivers/STM32F0xx_HAL_Driver/stm32f0xx_hal_dac.o
 .debug_loc     0x00001338      0x735 Drivers/STM32F0xx_HAL_Driver/stm32f0xx_hal_dac_ex.o
 .debug_loc     0x00001a6d      0x2fe Drivers/STM32F0xx_HAL_Driver/stm32f0xx_hal_gpio.o
 .debug_loc     0x00001d6b     0x3a3c Drivers/STM32F0xx_HAL_Driver/stm32f0xx_hal_i2c.o
 .debug_loc     0x000057a7      0x245 Drivers/STM32F0xx_HAL_Driver/stm32f0xx_hal_i2c_ex.o
 .debug_loc     0x000059ec      0x4d1 Drivers/STM32F0xx_HAL_Driver/stm32f0xx_hal_rcc.o
 .debug_loc     0x00005ebd      0x7cb Drivers/STM32F0xx_HAL_Driver/stm32f0xx_hal_rcc_ex.o
 .debug_loc     0x00006688     0x37cf Drivers/STM32F0xx_HAL_Driver/stm32f0xx_hal_tim.o
 .debug_loc     0x00009e57     0x126d Drivers/STM32F0xx_HAL_Driver/stm32f0xx_hal_tim_ex.o
 .debug_loc     0x0000b0c4     0x174d Drivers/STM32F0xx_HAL_Driver/stm32f0xx_hal_uart.o

.debug_aranges  0x00000000      0xff0
 .debug_aranges
                0x00000000       0xb0 Application/SW4STM32/syscalls.o
 .debug_aranges
                0x000000b0       0x80 Application/User/IQS_Series.o
 .debug_aranges
                0x00000130       0x30 Application/User/dac.o
 .debug_aranges
                0x00000160       0x20 Application/User/gpio.o
 .debug_aranges
                0x00000180       0x30 Application/User/i2c.o
 .debug_aranges
                0x000001b0       0x40 Application/User/main.o
 .debug_aranges
                0x000001f0       0x20 Application/User/stm32f0xx_hal_msp.o
 .debug_aranges
                0x00000210       0x40 Application/User/stm32f0xx_it.o
 .debug_aranges
                0x00000250       0x30 Application/User/tim.o
 .debug_aranges
                0x00000280       0x30 Application/User/usart.o
 .debug_aranges
                0x000002b0       0x28 Drivers/CMSIS/system_stm32f0xx.o
 .debug_aranges
                0x000002d8       0xb8 Drivers/STM32F0xx_HAL_Driver/stm32f0xx_hal.o
 .debug_aranges
                0x00000390       0x78 Drivers/STM32F0xx_HAL_Driver/stm32f0xx_hal_cortex.o
 .debug_aranges
                0x00000408       0xa8 Drivers/STM32F0xx_HAL_Driver/stm32f0xx_hal_dac.o
 .debug_aranges
                0x000004b0       0xb0 Drivers/STM32F0xx_HAL_Driver/stm32f0xx_hal_dac_ex.o
 .debug_aranges
                0x00000560       0x58 Drivers/STM32F0xx_HAL_Driver/stm32f0xx_hal_gpio.o
 .debug_aranges
                0x000005b8      0x260 Drivers/STM32F0xx_HAL_Driver/stm32f0xx_hal_i2c.o
 .debug_aranges
                0x00000818       0x48 Drivers/STM32F0xx_HAL_Driver/stm32f0xx_hal_i2c_ex.o
 .debug_aranges
                0x00000860       0x80 Drivers/STM32F0xx_HAL_Driver/stm32f0xx_hal_rcc.o
 .debug_aranges
                0x000008e0       0x78 Drivers/STM32F0xx_HAL_Driver/stm32f0xx_hal_rcc_ex.o
 .debug_aranges
                0x00000958      0x378 Drivers/STM32F0xx_HAL_Driver/stm32f0xx_hal_tim.o
 .debug_aranges
                0x00000cd0      0x148 Drivers/STM32F0xx_HAL_Driver/stm32f0xx_hal_tim_ex.o
 .debug_aranges
                0x00000e18      0x1d8 Drivers/STM32F0xx_HAL_Driver/stm32f0xx_hal_uart.o

.debug_ranges   0x00000000      0xef8
 .debug_ranges  0x00000000       0xa0 Application/SW4STM32/syscalls.o
 .debug_ranges  0x000000a0       0x70 Application/User/IQS_Series.o
 .debug_ranges  0x00000110       0x20 Application/User/dac.o
 .debug_ranges  0x00000130       0x10 Application/User/gpio.o
 .debug_ranges  0x00000140       0x20 Application/User/i2c.o
 .debug_ranges  0x00000160       0x30 Application/User/main.o
 .debug_ranges  0x00000190       0x10 Application/User/stm32f0xx_hal_msp.o
 .debug_ranges  0x000001a0       0x30 Application/User/stm32f0xx_it.o
 .debug_ranges  0x000001d0       0x20 Application/User/tim.o
 .debug_ranges  0x000001f0       0x20 Application/User/usart.o
 .debug_ranges  0x00000210       0x18 Drivers/CMSIS/system_stm32f0xx.o
 .debug_ranges  0x00000228       0xa8 Drivers/STM32F0xx_HAL_Driver/stm32f0xx_hal.o
 .debug_ranges  0x000002d0       0xb0 Drivers/STM32F0xx_HAL_Driver/stm32f0xx_hal_cortex.o
 .debug_ranges  0x00000380       0x98 Drivers/STM32F0xx_HAL_Driver/stm32f0xx_hal_dac.o
 .debug_ranges  0x00000418       0xa0 Drivers/STM32F0xx_HAL_Driver/stm32f0xx_hal_dac_ex.o
 .debug_ranges  0x000004b8       0x48 Drivers/STM32F0xx_HAL_Driver/stm32f0xx_hal_gpio.o
 .debug_ranges  0x00000500      0x250 Drivers/STM32F0xx_HAL_Driver/stm32f0xx_hal_i2c.o
 .debug_ranges  0x00000750       0x38 Drivers/STM32F0xx_HAL_Driver/stm32f0xx_hal_i2c_ex.o
 .debug_ranges  0x00000788       0x88 Drivers/STM32F0xx_HAL_Driver/stm32f0xx_hal_rcc.o
 .debug_ranges  0x00000810       0x80 Drivers/STM32F0xx_HAL_Driver/stm32f0xx_hal_rcc_ex.o
 .debug_ranges  0x00000890      0x368 Drivers/STM32F0xx_HAL_Driver/stm32f0xx_hal_tim.o
 .debug_ranges  0x00000bf8      0x138 Drivers/STM32F0xx_HAL_Driver/stm32f0xx_hal_tim_ex.o
 .debug_ranges  0x00000d30      0x1c8 Drivers/STM32F0xx_HAL_Driver/stm32f0xx_hal_uart.o

.debug_macro    0x00000000    0x19ead
 .debug_macro   0x00000000      0x243 Application/SW4STM32/syscalls.o
 .debug_macro   0x00000243      0xa4e Application/SW4STM32/syscalls.o
 .debug_macro   0x00000c91       0x22 Application/SW4STM32/syscalls.o
 .debug_macro   0x00000cb3       0x58 Application/SW4STM32/syscalls.o
 .debug_macro   0x00000d0b       0x18 Application/SW4STM32/syscalls.o
 .debug_macro   0x00000d23       0x94 Application/SW4STM32/syscalls.o
 .debug_macro   0x00000db7       0x35 Application/SW4STM32/syscalls.o
 .debug_macro   0x00000dec       0x34 Application/SW4STM32/syscalls.o
 .debug_macro   0x00000e20       0x57 Application/SW4STM32/syscalls.o
 .debug_macro   0x00000e77      0x174 Application/SW4STM32/syscalls.o
 .debug_macro   0x00000feb      0x330 Application/SW4STM32/syscalls.o
 .debug_macro   0x0000131b       0x58 Application/SW4STM32/syscalls.o
 .debug_macro   0x00001373       0x1f Application/SW4STM32/syscalls.o
 .debug_macro   0x00001392       0x43 Application/SW4STM32/syscalls.o
 .debug_macro   0x000013d5       0x20 Application/SW4STM32/syscalls.o
 .debug_macro   0x000013f5      0x18e Application/SW4STM32/syscalls.o
 .debug_macro   0x00001583       0x10 Application/SW4STM32/syscalls.o
 .debug_macro   0x00001593       0x35 Application/SW4STM32/syscalls.o
 .debug_macro   0x000015c8       0x10 Application/SW4STM32/syscalls.o
 .debug_macro   0x000015d8       0x10 Application/SW4STM32/syscalls.o
 .debug_macro   0x000015e8       0x10 Application/SW4STM32/syscalls.o
 .debug_macro   0x000015f8       0x6a Application/SW4STM32/syscalls.o
 .debug_macro   0x00001662       0x1c Application/SW4STM32/syscalls.o
 .debug_macro   0x0000167e       0x52 Application/SW4STM32/syscalls.o
 .debug_macro   0x000016d0       0x40 Application/SW4STM32/syscalls.o
 .debug_macro   0x00001710       0x10 Application/SW4STM32/syscalls.o
 .debug_macro   0x00001720       0x40 Application/SW4STM32/syscalls.o
 .debug_macro   0x00001760       0xd7 Application/SW4STM32/syscalls.o
 .debug_macro   0x00001837       0x1c Application/SW4STM32/syscalls.o
 .debug_macro   0x00001853       0x3d Application/SW4STM32/syscalls.o
 .debug_macro   0x00001890       0x35 Application/SW4STM32/syscalls.o
 .debug_macro   0x000018c5      0x122 Application/SW4STM32/syscalls.o
 .debug_macro   0x000019e7       0x16 Application/SW4STM32/syscalls.o
 .debug_macro   0x000019fd       0x16 Application/SW4STM32/syscalls.o
 .debug_macro   0x00001a13       0x29 Application/SW4STM32/syscalls.o
 .debug_macro   0x00001a3c       0x10 Application/SW4STM32/syscalls.o
 .debug_macro   0x00001a4c      0x241 Application/SW4STM32/syscalls.o
 .debug_macro   0x00001c8d       0x1c Application/SW4STM32/syscalls.o
 .debug_macro   0x00001ca9       0x10 Application/SW4STM32/syscalls.o
 .debug_macro   0x00001cb9       0x10 Application/SW4STM32/syscalls.o
 .debug_macro   0x00001cc9       0x16 Application/SW4STM32/syscalls.o
 .debug_macro   0x00001cdf      0x16f Application/SW4STM32/syscalls.o
 .debug_macro   0x00001e4e      0x189 Application/SW4STM32/syscalls.o
 .debug_macro   0x00001fd7       0x16 Application/SW4STM32/syscalls.o
 .debug_macro   0x00001fed       0x88 Application/SW4STM32/syscalls.o
 .debug_macro   0x00002075      0x328 Application/User/IQS_Series.o
 .debug_macro   0x0000239d       0x8e Application/User/IQS_Series.o
 .debug_macro   0x0000242b       0x51 Application/User/IQS_Series.o
 .debug_macro   0x0000247c       0xef Application/User/IQS_Series.o
 .debug_macro   0x0000256b      0x1df Application/User/IQS_Series.o
 .debug_macro   0x0000274a       0xb7 Application/User/IQS_Series.o
 .debug_macro   0x00002801       0x2e Application/User/IQS_Series.o
 .debug_macro   0x0000282f       0x22 Application/User/IQS_Series.o
 .debug_macro   0x00002851       0x3a Application/User/IQS_Series.o
 .debug_macro   0x0000288b       0x26 Application/User/IQS_Series.o
 .debug_macro   0x000028b1      0x30d Application/User/IQS_Series.o
 .debug_macro   0x00002bbe     0xfe50 Application/User/IQS_Series.o
 .debug_macro   0x00012a0e       0x3c Application/User/IQS_Series.o
 .debug_macro   0x00012a4a       0x5e Application/User/IQS_Series.o
 .debug_macro   0x00012aa8       0x16 Application/User/IQS_Series.o
 .debug_macro   0x00012abe       0x97 Application/User/IQS_Series.o
 .debug_macro   0x00012b55       0xfd Application/User/IQS_Series.o
 .debug_macro   0x00012c52       0x49 Application/User/IQS_Series.o
 .debug_macro   0x00012c9b      0x951 Application/User/IQS_Series.o
 .debug_macro   0x000135ec      0x5f3 Application/User/IQS_Series.o
 .debug_macro   0x00013bdf      0x13a Application/User/IQS_Series.o
 .debug_macro   0x00013d19      0x1a7 Application/User/IQS_Series.o
 .debug_macro   0x00013ec0      0x22c Application/User/IQS_Series.o
 .debug_macro   0x000140ec       0x34 Application/User/IQS_Series.o
 .debug_macro   0x00014120       0x43 Application/User/IQS_Series.o
 .debug_macro   0x00014163       0x28 Application/User/IQS_Series.o
 .debug_macro   0x0001418b       0xca Application/User/IQS_Series.o
 .debug_macro   0x00014255       0xf5 Application/User/IQS_Series.o
 .debug_macro   0x0001434a       0xb6 Application/User/IQS_Series.o
 .debug_macro   0x00014400      0x217 Application/User/IQS_Series.o
 .debug_macro   0x00014617      0x202 Application/User/IQS_Series.o
 .debug_macro   0x00014819       0x61 Application/User/IQS_Series.o
 .debug_macro   0x0001487a       0x90 Application/User/IQS_Series.o
 .debug_macro   0x0001490a       0x4d Application/User/IQS_Series.o
 .debug_macro   0x00014957      0x16d Application/User/IQS_Series.o
 .debug_macro   0x00014ac4      0x845 Application/User/IQS_Series.o
 .debug_macro   0x00015309       0x4c Application/User/IQS_Series.o
 .debug_macro   0x00015355      0x38a Application/User/IQS_Series.o
 .debug_macro   0x000156df      0x209 Application/User/IQS_Series.o
 .debug_macro   0x000158e8      0x129 Application/User/IQS_Series.o
 .debug_macro   0x00015a11       0x22 Application/User/IQS_Series.o
 .debug_macro   0x00015a33      0x334 Application/User/dac.o
 .debug_macro   0x00015d67       0x34 Application/User/dac.o
 .debug_macro   0x00015d9b       0x7c Application/User/dac.o
 .debug_macro   0x00015e17      0x334 Application/User/gpio.o
 .debug_macro   0x0001614b      0x334 Application/User/i2c.o
 .debug_macro   0x0001647f      0x39e Application/User/main.o
 .debug_macro   0x0001681d       0x16 Application/User/main.o
 .debug_macro   0x00016833      0x32a Application/User/stm32f0xx_hal_msp.o
 .debug_macro   0x00016b5d      0x334 Application/User/stm32f0xx_it.o
 .debug_macro   0x00016e91      0x334 Application/User/tim.o
 .debug_macro   0x000171c5      0x334 Application/User/usart.o
 .debug_macro   0x000174f9      0x31b Drivers/CMSIS/system_stm32f0xx.o
 .debug_macro   0x00017814      0x33f Drivers/STM32F0xx_HAL_Driver/stm32f0xx_hal.o
 .debug_macro   0x00017b53      0x31b Drivers/STM32F0xx_HAL_Driver/stm32f0xx_hal_cortex.o
 .debug_macro   0x00017e6e      0x31c Drivers/STM32F0xx_HAL_Driver/stm32f0xx_hal_dac.o
 .debug_macro   0x0001818a      0x31b Drivers/STM32F0xx_HAL_Driver/stm32f0xx_hal_dac_ex.o
 .debug_macro   0x000184a5      0x353 Drivers/STM32F0xx_HAL_Driver/stm32f0xx_hal_gpio.o
 .debug_macro   0x000187f8      0x3e7 Drivers/STM32F0xx_HAL_Driver/stm32f0xx_hal_i2c.o
 .debug_macro   0x00018bdf      0x31b Drivers/STM32F0xx_HAL_Driver/stm32f0xx_hal_i2c_ex.o
 .debug_macro   0x00018efa      0x32d Drivers/STM32F0xx_HAL_Driver/stm32f0xx_hal_rcc.o
 .debug_macro   0x00019227      0x32d Drivers/STM32F0xx_HAL_Driver/stm32f0xx_hal_rcc_ex.o
 .debug_macro   0x00019554      0x31b Drivers/STM32F0xx_HAL_Driver/stm32f0xx_hal_tim.o
 .debug_macro   0x0001986f      0x31b Drivers/STM32F0xx_HAL_Driver/stm32f0xx_hal_tim_ex.o
 .debug_macro   0x00019b8a      0x323 Drivers/STM32F0xx_HAL_Driver/stm32f0xx_hal_uart.o

.debug_line     0x00000000     0xf26c
 .debug_line    0x00000000      0x5fc Application/SW4STM32/syscalls.o
 .debug_line    0x000005fc      0x890 Application/User/IQS_Series.o
 .debug_line    0x00000e8c      0x7df Application/User/dac.o
 .debug_line    0x0000166b      0x7c8 Application/User/gpio.o
 .debug_line    0x00001e33      0x7e7 Application/User/i2c.o
 .debug_line    0x0000261a      0x8df Application/User/main.o
 .debug_line    0x00002ef9      0x796 Application/User/stm32f0xx_hal_msp.o
 .debug_line    0x0000368f      0x7e5 Application/User/stm32f0xx_it.o
 .debug_line    0x00003e74      0x7f1 Application/User/tim.o
 .debug_line    0x00004665      0x7e4 Application/User/usart.o
 .debug_line    0x00004e49      0x7c2 Drivers/CMSIS/system_stm32f0xx.o
 .debug_line    0x0000560b      0x908 Drivers/STM32F0xx_HAL_Driver/stm32f0xx_hal.o
 .debug_line    0x00005f13      0x901 Drivers/STM32F0xx_HAL_Driver/stm32f0xx_hal_cortex.o
 .debug_line    0x00006814      0x907 Drivers/STM32F0xx_HAL_Driver/stm32f0xx_hal_dac.o
 .debug_line    0x0000711b      0xa04 Drivers/STM32F0xx_HAL_Driver/stm32f0xx_hal_dac_ex.o
 .debug_line    0x00007b1f      0x8f0 Drivers/STM32F0xx_HAL_Driver/stm32f0xx_hal_gpio.o
 .debug_line    0x0000840f     0x18c9 Drivers/STM32F0xx_HAL_Driver/stm32f0xx_hal_i2c.o
 .debug_line    0x00009cd8      0x8d7 Drivers/STM32F0xx_HAL_Driver/stm32f0xx_hal_i2c_ex.o
 .debug_line    0x0000a5af      0xa54 Drivers/STM32F0xx_HAL_Driver/stm32f0xx_hal_rcc.o
 .debug_line    0x0000b003      0x9fa Drivers/STM32F0xx_HAL_Driver/stm32f0xx_hal_rcc_ex.o
 .debug_line    0x0000b9fd     0x1904 Drivers/STM32F0xx_HAL_Driver/stm32f0xx_hal_tim.o
 .debug_line    0x0000d301      0xda6 Drivers/STM32F0xx_HAL_Driver/stm32f0xx_hal_tim_ex.o
 .debug_line    0x0000e0a7     0x11c5 Drivers/STM32F0xx_HAL_Driver/stm32f0xx_hal_uart.o

.debug_str      0x00000000    0x808e7
 .debug_str     0x00000000     0x82f9 Application/SW4STM32/syscalls.o
                               0x853a (size before relaxing)
 .debug_str     0x000082f9    0x73de5 Application/User/IQS_Series.o
                              0x7b168 (size before relaxing)
 .debug_str     0x0007c0de      0x4a4 Application/User/dac.o
                              0x7b11f (size before relaxing)
 .debug_str     0x0007c582       0x70 Application/User/gpio.o
                              0x7ada3 (size before relaxing)
 .debug_str     0x0007c5f2       0xba Application/User/i2c.o
                              0x7b2b0 (size before relaxing)
 .debug_str     0x0007c6ac      0x7e5 Application/User/main.o
                              0x7bc09 (size before relaxing)
 .debug_str     0x0007ce91       0x44 Application/User/stm32f0xx_hal_msp.o
                              0x7acd0 (size before relaxing)
 .debug_str     0x0007ced5       0x9a Application/User/stm32f0xx_it.o
                              0x7accc (size before relaxing)
 .debug_str     0x0007cf6f      0x1a6 Application/User/tim.o
                              0x7b312 (size before relaxing)
 .debug_str     0x0007d115       0x69 Application/User/usart.o
                              0x7b259 (size before relaxing)
 .debug_str     0x0007d17e       0x77 Drivers/CMSIS/system_stm32f0xx.o
                              0x7ab2d (size before relaxing)
 .debug_str     0x0007d1f5      0x4df Drivers/STM32F0xx_HAL_Driver/stm32f0xx_hal.o
                              0x7b096 (size before relaxing)
 .debug_str     0x0007d6d4      0x201 Drivers/STM32F0xx_HAL_Driver/stm32f0xx_hal_cortex.o
                              0x7af44 (size before relaxing)
 .debug_str     0x0007d8d5      0x181 Drivers/STM32F0xx_HAL_Driver/stm32f0xx_hal_dac.o
                              0x7afa5 (size before relaxing)
 .debug_str     0x0007da56      0x1dc Drivers/STM32F0xx_HAL_Driver/stm32f0xx_hal_dac_ex.o
                              0x7b0a0 (size before relaxing)
 .debug_str     0x0007dc32      0x1ea Drivers/STM32F0xx_HAL_Driver/stm32f0xx_hal_gpio.o
                              0x7add4 (size before relaxing)
 .debug_str     0x0007de1c      0xd4d Drivers/STM32F0xx_HAL_Driver/stm32f0xx_hal_i2c.o
                              0x7bd22 (size before relaxing)
 .debug_str     0x0007eb69       0xd5 Drivers/STM32F0xx_HAL_Driver/stm32f0xx_hal_i2c_ex.o
                              0x7b0d0 (size before relaxing)
 .debug_str     0x0007ec3e      0x20a Drivers/STM32F0xx_HAL_Driver/stm32f0xx_hal_rcc.o
                              0x7af43 (size before relaxing)
 .debug_str     0x0007ee48      0x2cc Drivers/STM32F0xx_HAL_Driver/stm32f0xx_hal_rcc_ex.o
                              0x7af5d (size before relaxing)
 .debug_str     0x0007f114      0xcb7 Drivers/STM32F0xx_HAL_Driver/stm32f0xx_hal_tim.o
                              0x7bc82 (size before relaxing)
 .debug_str     0x0007fdcb      0x4ba Drivers/STM32F0xx_HAL_Driver/stm32f0xx_hal_tim_ex.o
                              0x7b5ae (size before relaxing)
 .debug_str     0x00080285      0x662 Drivers/STM32F0xx_HAL_Driver/stm32f0xx_hal_uart.o
                              0x7b6e8 (size before relaxing)

.comment        0x00000000       0x7f
 .comment       0x00000000       0x7f Application/SW4STM32/syscalls.o
                                 0x80 (size before relaxing)
 .comment       0x0000007f       0x80 Application/User/IQS_Series.o
 .comment       0x0000007f       0x80 Application/User/dac.o
 .comment       0x0000007f       0x80 Application/User/gpio.o
 .comment       0x0000007f       0x80 Application/User/i2c.o
 .comment       0x0000007f       0x80 Application/User/main.o
 .comment       0x0000007f       0x80 Application/User/stm32f0xx_hal_msp.o
 .comment       0x0000007f       0x80 Application/User/stm32f0xx_it.o
 .comment       0x0000007f       0x80 Application/User/tim.o
 .comment       0x0000007f       0x80 Application/User/usart.o
 .comment       0x0000007f       0x80 Drivers/CMSIS/system_stm32f0xx.o
 .comment       0x0000007f       0x80 Drivers/STM32F0xx_HAL_Driver/stm32f0xx_hal.o
 .comment       0x0000007f       0x80 Drivers/STM32F0xx_HAL_Driver/stm32f0xx_hal_cortex.o
 .comment       0x0000007f       0x80 Drivers/STM32F0xx_HAL_Driver/stm32f0xx_hal_dac.o
 .comment       0x0000007f       0x80 Drivers/STM32F0xx_HAL_Driver/stm32f0xx_hal_dac_ex.o
 .comment       0x0000007f       0x80 Drivers/STM32F0xx_HAL_Driver/stm32f0xx_hal_gpio.o
 .comment       0x0000007f       0x80 Drivers/STM32F0xx_HAL_Driver/stm32f0xx_hal_i2c.o
 .comment       0x0000007f       0x80 Drivers/STM32F0xx_HAL_Driver/stm32f0xx_hal_i2c_ex.o
 .comment       0x0000007f       0x80 Drivers/STM32F0xx_HAL_Driver/stm32f0xx_hal_rcc.o
 .comment       0x0000007f       0x80 Drivers/STM32F0xx_HAL_Driver/stm32f0xx_hal_rcc_ex.o
 .comment       0x0000007f       0x80 Drivers/STM32F0xx_HAL_Driver/stm32f0xx_hal_tim.o
 .comment       0x0000007f       0x80 Drivers/STM32F0xx_HAL_Driver/stm32f0xx_hal_tim_ex.o
 .comment       0x0000007f       0x80 Drivers/STM32F0xx_HAL_Driver/stm32f0xx_hal_uart.o

.debug_frame    0x00000000     0x2c88
 .debug_frame   0x00000000      0x19c Application/SW4STM32/syscalls.o
 .debug_frame   0x0000019c      0x16c Application/User/IQS_Series.o
 .debug_frame   0x00000308       0x5c Application/User/dac.o
 .debug_frame   0x00000364       0x30 Application/User/gpio.o
 .debug_frame   0x00000394       0x5c Application/User/i2c.o
 .debug_frame   0x000003f0       0x9c Application/User/main.o
 .debug_frame   0x0000048c       0x24 Application/User/stm32f0xx_hal_msp.o
 .debug_frame   0x000004b0       0x68 Application/User/stm32f0xx_it.o
 .debug_frame   0x00000518       0x5c Application/User/tim.o
 .debug_frame   0x00000574       0x5c Application/User/usart.o
 .debug_frame   0x000005d0       0x38 Drivers/CMSIS/system_stm32f0xx.o
 .debug_frame   0x00000608      0x174 Drivers/STM32F0xx_HAL_Driver/stm32f0xx_hal.o
 .debug_frame   0x0000077c       0xe4 Drivers/STM32F0xx_HAL_Driver/stm32f0xx_hal_cortex.o
 .debug_frame   0x00000860      0x160 Drivers/STM32F0xx_HAL_Driver/stm32f0xx_hal_dac.o
 .debug_frame   0x000009c0      0x1b4 Drivers/STM32F0xx_HAL_Driver/stm32f0xx_hal_dac_ex.o
 .debug_frame   0x00000b74       0xcc Drivers/STM32F0xx_HAL_Driver/stm32f0xx_hal_gpio.o
 .debug_frame   0x00000c40      0x77c Drivers/STM32F0xx_HAL_Driver/stm32f0xx_hal_i2c.o
 .debug_frame   0x000013bc       0xb0 Drivers/STM32F0xx_HAL_Driver/stm32f0xx_hal_i2c_ex.o
 .debug_frame   0x0000146c      0x130 Drivers/STM32F0xx_HAL_Driver/stm32f0xx_hal_rcc.o
 .debug_frame   0x0000159c       0xfc Drivers/STM32F0xx_HAL_Driver/stm32f0xx_hal_rcc_ex.o
 .debug_frame   0x00001698      0x9d0 Drivers/STM32F0xx_HAL_Driver/stm32f0xx_hal_tim.o
 .debug_frame   0x00002068      0x3a0 Drivers/STM32F0xx_HAL_Driver/stm32f0xx_hal_tim_ex.o
 .debug_frame   0x00002408      0x500 Drivers/STM32F0xx_HAL_Driver/stm32f0xx_hal_uart.o
 .debug_frame   0x00002908       0x20 c:/ac6/systemworkbench/plugins/fr.ac6.mcu.externaltools.arm-none.win32_1.17.0.201812190825/tools/compiler/bin/../lib/gcc/arm-none-eabi/7.3.1/thumb/v6-m\libgcc.a(_udivsi3.o)
 .debug_frame   0x00002928       0x20 c:/ac6/systemworkbench/plugins/fr.ac6.mcu.externaltools.arm-none.win32_1.17.0.201812190825/tools/compiler/bin/../lib/gcc/arm-none-eabi/7.3.1/thumb/v6-m\libgcc.a(_divsi3.o)
 .debug_frame   0x00002948       0x20 c:/ac6/systemworkbench/plugins/fr.ac6.mcu.externaltools.arm-none.win32_1.17.0.201812190825/tools/compiler/bin/../lib/gcc/arm-none-eabi/7.3.1/../../../../arm-none-eabi/lib/thumb/v6-m\libc_nano.a(lib_a-errno.o)
 .debug_frame   0x00002968       0x2c c:/ac6/systemworkbench/plugins/fr.ac6.mcu.externaltools.arm-none.win32_1.17.0.201812190825/tools/compiler/bin/../lib/gcc/arm-none-eabi/7.3.1/../../../../arm-none-eabi/lib/thumb/v6-m\libc_nano.a(lib_a-init.o)
 .debug_frame   0x00002994       0x20 c:/ac6/systemworkbench/plugins/fr.ac6.mcu.externaltools.arm-none.win32_1.17.0.201812190825/tools/compiler/bin/../lib/gcc/arm-none-eabi/7.3.1/../../../../arm-none-eabi/lib/thumb/v6-m\libc_nano.a(lib_a-memset.o)
 .debug_frame   0x000029b4       0x50 c:/ac6/systemworkbench/plugins/fr.ac6.mcu.externaltools.arm-none.win32_1.17.0.201812190825/tools/compiler/bin/../lib/gcc/arm-none-eabi/7.3.1/../../../../arm-none-eabi/lib/thumb/v6-m\libc_nano.a(lib_a-snprintf.o)
 .debug_frame   0x00002a04       0x74 c:/ac6/systemworkbench/plugins/fr.ac6.mcu.externaltools.arm-none.win32_1.17.0.201812190825/tools/compiler/bin/../lib/gcc/arm-none-eabi/7.3.1/../../../../arm-none-eabi/lib/thumb/v6-m\libc_nano.a(lib_a-nano-svfprintf.o)
 .debug_frame   0x00002a78       0x54 c:/ac6/systemworkbench/plugins/fr.ac6.mcu.externaltools.arm-none.win32_1.17.0.201812190825/tools/compiler/bin/../lib/gcc/arm-none-eabi/7.3.1/../../../../arm-none-eabi/lib/thumb/v6-m\libc_nano.a(lib_a-nano-vfprintf_i.o)
 .debug_frame   0x00002acc       0x20 c:/ac6/systemworkbench/plugins/fr.ac6.mcu.externaltools.arm-none.win32_1.17.0.201812190825/tools/compiler/bin/../lib/gcc/arm-none-eabi/7.3.1/../../../../arm-none-eabi/lib/thumb/v6-m\libc_nano.a(lib_a-memchr-stub.o)
 .debug_frame   0x00002aec       0x28 c:/ac6/systemworkbench/plugins/fr.ac6.mcu.externaltools.arm-none.win32_1.17.0.201812190825/tools/compiler/bin/../lib/gcc/arm-none-eabi/7.3.1/../../../../arm-none-eabi/lib/thumb/v6-m\libc_nano.a(lib_a-memcpy-stub.o)
 .debug_frame   0x00002b14       0x28 c:/ac6/systemworkbench/plugins/fr.ac6.mcu.externaltools.arm-none.win32_1.17.0.201812190825/tools/compiler/bin/../lib/gcc/arm-none-eabi/7.3.1/../../../../arm-none-eabi/lib/thumb/v6-m\libc_nano.a(lib_a-memmove.o)
 .debug_frame   0x00002b3c       0x2c c:/ac6/systemworkbench/plugins/fr.ac6.mcu.externaltools.arm-none.win32_1.17.0.201812190825/tools/compiler/bin/../lib/gcc/arm-none-eabi/7.3.1/../../../../arm-none-eabi/lib/thumb/v6-m\libc_nano.a(lib_a-nano-freer.o)
 .debug_frame   0x00002b68       0x2c c:/ac6/systemworkbench/plugins/fr.ac6.mcu.externaltools.arm-none.win32_1.17.0.201812190825/tools/compiler/bin/../lib/gcc/arm-none-eabi/7.3.1/../../../../arm-none-eabi/lib/thumb/v6-m\libc_nano.a(lib_a-nano-mallocr.o)
 .debug_frame   0x00002b94       0x30 c:/ac6/systemworkbench/plugins/fr.ac6.mcu.externaltools.arm-none.win32_1.17.0.201812190825/tools/compiler/bin/../lib/gcc/arm-none-eabi/7.3.1/../../../../arm-none-eabi/lib/thumb/v6-m\libc_nano.a(lib_a-nano-reallocr.o)
 .debug_frame   0x00002bc4       0x2c c:/ac6/systemworkbench/plugins/fr.ac6.mcu.externaltools.arm-none.win32_1.17.0.201812190825/tools/compiler/bin/../lib/gcc/arm-none-eabi/7.3.1/../../../../arm-none-eabi/lib/thumb/v6-m\libc_nano.a(lib_a-sbrkr.o)
 .debug_frame   0x00002bf0       0x30 c:/ac6/systemworkbench/plugins/fr.ac6.mcu.externaltools.arm-none.win32_1.17.0.201812190825/tools/compiler/bin/../lib/gcc/arm-none-eabi/7.3.1/../../../../arm-none-eabi/lib/thumb/v6-m\libc_nano.a(lib_a-mlock.o)
 .debug_frame   0x00002c20       0x20 c:/ac6/systemworkbench/plugins/fr.ac6.mcu.externaltools.arm-none.win32_1.17.0.201812190825/tools/compiler/bin/../lib/gcc/arm-none-eabi/7.3.1/../../../../arm-none-eabi/lib/thumb/v6-m\libc_nano.a(lib_a-nano-msizer.o)
 .debug_frame   0x00002c40       0x48 c:/ac6/systemworkbench/plugins/fr.ac6.mcu.externaltools.arm-none.win32_1.17.0.201812190825/tools/compiler/bin/../lib/gcc/arm-none-eabi/7.3.1/../../../../arm-none-eabi/lib/thumb/v6-m\libc_nano.a(lib_a-reent.o)
